Component: ARM Compiler 5.06 update 6 (build 750) Tool: armlink [4d35ed]

==============================================================================

Section Cross References

    startup_gw1ns4c.o(RESET) refers to startup_gw1ns4c.o(STACK) for __initial_sp
    startup_gw1ns4c.o(RESET) refers to startup_gw1ns4c.o(.text) for Reset_Handler
    startup_gw1ns4c.o(RESET) refers to gw1ns4c_it.o(i.NMI_Handler) for NMI_Handler
    startup_gw1ns4c.o(RESET) refers to gw1ns4c_it.o(i.HardFault_Handler) for HardFault_Handler
    startup_gw1ns4c.o(RESET) refers to gw1ns4c_it.o(i.MemManage_Handler) for MemManage_Handler
    startup_gw1ns4c.o(RESET) refers to gw1ns4c_it.o(i.BusFault_Handler) for BusFault_Handler
    startup_gw1ns4c.o(RESET) refers to gw1ns4c_it.o(i.UsageFault_Handler) for UsageFault_Handler
    startup_gw1ns4c.o(RESET) refers to gw1ns4c_it.o(i.SVC_Handler) for SVC_Handler
    startup_gw1ns4c.o(RESET) refers to gw1ns4c_it.o(i.DebugMon_Handler) for DebugMon_Handler
    startup_gw1ns4c.o(RESET) refers to gw1ns4c_it.o(i.PendSV_Handler) for PendSV_Handler
    startup_gw1ns4c.o(RESET) refers to gw1ns4c_it.o(i.SysTick_Handler) for SysTick_Handler
    startup_gw1ns4c.o(RESET) refers to main.o(i.UART0_Handler) for UART0_Handler
    startup_gw1ns4c.o(RESET) refers to gw1ns4c_it.o(i.USER_INT0_Handler) for USER_INT0_Handler
    startup_gw1ns4c.o(RESET) refers to gw1ns4c_it.o(i.USER_INT1_Handler) for USER_INT1_Handler
    startup_gw1ns4c.o(RESET) refers to gw1ns4c_it.o(i.USER_INT2_Handler) for USER_INT2_Handler
    startup_gw1ns4c.o(RESET) refers to gw1ns4c_it.o(i.RTC_Handler) for RTC_Handler
    startup_gw1ns4c.o(RESET) refers to gw1ns4c_it.o(i.USER_INT3_Handler) for USER_INT3_Handler
    startup_gw1ns4c.o(RESET) refers to gw1ns4c_it.o(i.TIMER1_Handler) for TIMER1_Handler
    startup_gw1ns4c.o(RESET) refers to gw1ns4c_it.o(i.I2C_Handler) for I2C_Handler
    startup_gw1ns4c.o(RESET) refers to gw1ns4c_it.o(i.USER_INT4_Handler) for USER_INT4_Handler
    startup_gw1ns4c.o(RESET) refers to gw1ns4c_it.o(i.USER_INT5_Handler) for USER_INT5_Handler
    startup_gw1ns4c.o(RESET) refers to gw1ns4c_it.o(i.PORT0_0_Handler) for PORT0_0_Handler
    startup_gw1ns4c.o(RESET) refers to gw1ns4c_it.o(i.PORT0_1_Handler) for PORT0_1_Handler
    startup_gw1ns4c.o(RESET) refers to gw1ns4c_it.o(i.PORT0_2_Handler) for PORT0_2_Handler
    startup_gw1ns4c.o(RESET) refers to gw1ns4c_it.o(i.PORT0_3_Handler) for PORT0_3_Handler
    startup_gw1ns4c.o(RESET) refers to gw1ns4c_it.o(i.PORT0_4_Handler) for PORT0_4_Handler
    startup_gw1ns4c.o(RESET) refers to gw1ns4c_it.o(i.PORT0_5_Handler) for PORT0_5_Handler
    startup_gw1ns4c.o(RESET) refers to gw1ns4c_it.o(i.PORT0_6_Handler) for PORT0_6_Handler
    startup_gw1ns4c.o(RESET) refers to gw1ns4c_it.o(i.PORT0_7_Handler) for PORT0_7_Handler
    startup_gw1ns4c.o(RESET) refers to gw1ns4c_it.o(i.PORT0_8_Handler) for PORT0_8_Handler
    startup_gw1ns4c.o(RESET) refers to gw1ns4c_it.o(i.PORT0_9_Handler) for PORT0_9_Handler
    startup_gw1ns4c.o(RESET) refers to gw1ns4c_it.o(i.PORT0_10_Handler) for PORT0_10_Handler
    startup_gw1ns4c.o(RESET) refers to gw1ns4c_it.o(i.PORT0_11_Handler) for PORT0_11_Handler
    startup_gw1ns4c.o(RESET) refers to gw1ns4c_it.o(i.PORT0_12_Handler) for PORT0_12_Handler
    startup_gw1ns4c.o(RESET) refers to gw1ns4c_it.o(i.PORT0_13_Handler) for PORT0_13_Handler
    startup_gw1ns4c.o(RESET) refers to gw1ns4c_it.o(i.PORT0_14_Handler) for PORT0_14_Handler
    startup_gw1ns4c.o(RESET) refers to gw1ns4c_it.o(i.PORT0_15_Handler) for PORT0_15_Handler
    startup_gw1ns4c.o(.text) refers to system_gw1ns4c.o(i.SystemInit) for SystemInit
    startup_gw1ns4c.o(.text) refers to entry.o(.ARM.Collect$$$$00000000) for __main
    system_gw1ns4c.o(i.SystemCoreClockUpdate) refers to system_gw1ns4c.o(.data) for SystemCoreClock
    system_gw1ns4c.o(i.SystemInit) refers to system_gw1ns4c.o(.data) for SystemCoreClock
    gw1ns4c_i2c.o(i.Delay_ms_i2c) refers to system_gw1ns4c.o(.data) for SystemCoreClock
    gw1ns4c_i2c.o(i.I2C_Init) refers to gw1ns4c_i2c.o(i.I2C_Enable) for I2C_Enable
    gw1ns4c_i2c.o(i.I2C_Init) refers to gw1ns4c_i2c.o(i.I2C_Rate_Set) for I2C_Rate_Set
    gw1ns4c_i2c.o(i.I2C_Rate_Set) refers to system_gw1ns4c.o(.data) for SystemCoreClock
    gw1ns4c_i2c.o(i.I2C_ReadBytes) refers to gw1ns4c_i2c.o(i.I2C_ReceiveByte) for I2C_ReceiveByte
    gw1ns4c_i2c.o(i.I2C_ReceiveByte) refers to gw1ns4c_i2c.o(i.Delay_ms_i2c) for Delay_ms_i2c
    gw1ns4c_i2c.o(i.I2C_SendByte) refers to gw1ns4c_i2c.o(i.Delay_ms_i2c) for Delay_ms_i2c
    gw1ns4c_i2c.o(i.I2C_SendBytes) refers to gw1ns4c_i2c.o(i.I2C_SendByte) for I2C_SendByte
    gw1ns4c_i2c.o(i.I2C_SendData) refers to gw1ns4c_i2c.o(i.Delay_ms_i2c) for Delay_ms_i2c
    gw1ns4c_rtc.o(i.RTC_init) refers to gw1ns4c_rtc.o(i.Set_Match_Value) for Set_Match_Value
    gw1ns4c_rtc.o(i.RTC_init) refers to gw1ns4c_rtc.o(i.Set_Load_Value) for Set_Load_Value
    gw1ns4c_rtc.o(i.RTC_init) refers to gw1ns4c_rtc.o(i.RTC_Inter_Mask_Set) for RTC_Inter_Mask_Set
    gw1ns4c_rtc.o(i.RTC_init) refers to gw1ns4c_rtc.o(i.Start_RTC) for Start_RTC
    gw1ns4c_uart.o(i.UART_Init) refers to system_gw1ns4c.o(.data) for PCLK1
    gw1ns4c_uart.o(i.UART_SendString) refers to gw1ns4c_uart.o(i.UART_SendChar) for UART_SendChar
    main.o(i.UART0_Handler) refers to gw1ns4c_uart.o(i.UART_GetRxIRQStatus) for UART_GetRxIRQStatus
    main.o(i.UART0_Handler) refers to gw1ns4c_uart.o(i.UART_ReceiveChar) for UART_ReceiveChar
    main.o(i.UART0_Handler) refers to gw1ns4c_uart.o(i.UART_ClearRxIRQ) for UART_ClearRxIRQ
    main.o(i.UART0_Handler) refers to gw1ns4c_uart.o(i.UART_SendChar) for UART_SendChar
    main.o(i.Uart0Init) refers to gw1ns4c_uart.o(i.UART_Init) for UART_Init
    main.o(i.delay_ms) refers to dfltui.o(.text) for __aeabi_ui2d
    main.o(i.delay_ms) refers to dmul.o(.text) for __aeabi_dmul
    main.o(i.delay_ms) refers to dfixui.o(.text) for __aeabi_d2uiz
    main.o(i.delay_ms) refers to system_gw1ns4c.o(.data) for SystemCoreClock
    main.o(i.main) refers to system_gw1ns4c.o(i.SystemInit) for SystemInit
    main.o(i.main) refers to main.o(i.Uart0Init) for Uart0Init
    main.o(i.main) refers to gw1ns4c_misc.o(i.NVIC_PriorityGroupConfig) for NVIC_PriorityGroupConfig
    main.o(i.main) refers to gw1ns4c_misc.o(i.NVIC_Init) for NVIC_Init
    main.o(i.main) refers to main.o(i.delay_ms) for delay_ms
    main.o(i.main) refers to dflti.o(.text) for __aeabi_i2d
    main.o(i.main) refers to dmul.o(.text) for __aeabi_dmul
    main.o(i.main) refers to ddiv.o(.text) for __aeabi_ddiv
    main.o(i.main) refers to sin.o(i.sin) for sin
    main.o(i.main) refers to dadd.o(.text) for __aeabi_dadd
    main.o(i.main) refers to dfixui.o(.text) for __aeabi_d2uiz
    main.o(i.main) refers to gw1ns4c_uart.o(i.UART_SendChar) for UART_SendChar
    retarget.o(i.fgetc) refers to gw1ns4c_uart.o(i.UART_ReceiveChar) for UART_ReceiveChar
    retarget.o(i.fputc) refers to gw1ns4c_uart.o(i.UART_SendChar) for UART_SendChar
    sin.o(i.__softfp_sin) refers (Special) to iusefp.o(.text) for __I$use$fp
    sin.o(i.__softfp_sin) refers to sin.o(i.sin) for sin
    sin.o(i.sin) refers (Special) to iusefp.o(.text) for __I$use$fp
    sin.o(i.sin) refers to errno.o(i.__set_errno) for __set_errno
    sin.o(i.sin) refers to dunder.o(i.__mathlib_dbl_invalid) for __mathlib_dbl_invalid
    sin.o(i.sin) refers to dunder.o(i.__mathlib_dbl_infnan) for __mathlib_dbl_infnan
    sin.o(i.sin) refers to rred.o(i.__ieee754_rem_pio2) for __ieee754_rem_pio2
    sin.o(i.sin) refers to cos_i.o(i.__kernel_cos) for __kernel_cos
    sin.o(i.sin) refers to sin_i.o(i.__kernel_sin) for __kernel_sin
    sin_x.o(i.____softfp_sin$lsc) refers (Special) to iusefp.o(.text) for __I$use$fp
    sin_x.o(i.____softfp_sin$lsc) refers to sin_x.o(i.__sin$lsc) for __sin$lsc
    sin_x.o(i.__sin$lsc) refers (Special) to iusefp.o(.text) for __I$use$fp
    sin_x.o(i.__sin$lsc) refers to errno.o(i.__set_errno) for __set_errno
    sin_x.o(i.__sin$lsc) refers to dunder.o(i.__mathlib_dbl_infnan) for __mathlib_dbl_infnan
    sin_x.o(i.__sin$lsc) refers to rred.o(i.__ieee754_rem_pio2) for __ieee754_rem_pio2
    sin_x.o(i.__sin$lsc) refers to cos_i.o(i.__kernel_cos) for __kernel_cos
    sin_x.o(i.__sin$lsc) refers to sin_i.o(i.__kernel_sin) for __kernel_sin
    entry.o(.ARM.Collect$$$$00000000) refers (Special) to entry10a.o(.ARM.Collect$$$$0000000D) for __rt_final_cpp
    entry.o(.ARM.Collect$$$$00000000) refers (Special) to entry11a.o(.ARM.Collect$$$$0000000F) for __rt_final_exit
    entry.o(.ARM.Collect$$$$00000000) refers (Special) to entry7b.o(.ARM.Collect$$$$00000008) for _main_clock
    entry.o(.ARM.Collect$$$$00000000) refers (Special) to entry8b.o(.ARM.Collect$$$$0000000A) for _main_cpp_init
    entry.o(.ARM.Collect$$$$00000000) refers (Special) to entry9a.o(.ARM.Collect$$$$0000000B) for _main_init
    entry.o(.ARM.Collect$$$$00000000) refers (Special) to entry5.o(.ARM.Collect$$$$00000004) for _main_scatterload
    entry.o(.ARM.Collect$$$$00000000) refers (Special) to entry2.o(.ARM.Collect$$$$00000001) for _main_stk
    dadd.o(.text) refers (Special) to iusefp.o(.text) for __I$use$fp
    dadd.o(.text) refers to llshl.o(.text) for __aeabi_llsl
    dadd.o(.text) refers to llsshr.o(.text) for __aeabi_lasr
    dadd.o(.text) refers to depilogue.o(.text) for _double_epilogue
    dmul.o(.text) refers (Special) to iusefp.o(.text) for __I$use$fp
    dmul.o(.text) refers to depilogue.o(.text) for _double_epilogue
    ddiv.o(.text) refers (Special) to iusefp.o(.text) for __I$use$fp
    ddiv.o(.text) refers to depilogue.o(.text) for _double_round
    dflti.o(.text) refers (Special) to iusefp.o(.text) for __I$use$fp
    dflti.o(.text) refers to depilogue.o(.text) for _double_epilogue
    dfltui.o(.text) refers (Special) to iusefp.o(.text) for __I$use$fp
    dfltui.o(.text) refers to depilogue.o(.text) for _double_epilogue
    dfixui.o(.text) refers (Special) to iusefp.o(.text) for __I$use$fp
    dfixui.o(.text) refers to llushr.o(.text) for __aeabi_llsr
    cos_i.o(i.__kernel_cos) refers (Special) to iusefp.o(.text) for __I$use$fp
    cos_i.o(i.__kernel_cos) refers to dfixi.o(.text) for __aeabi_d2iz
    cos_i.o(i.__kernel_cos) refers to dmul.o(.text) for __aeabi_dmul
    cos_i.o(i.__kernel_cos) refers to poly.o(i.__kernel_poly) for __kernel_poly
    cos_i.o(i.__kernel_cos) refers to dadd.o(.text) for __aeabi_dsub
    cos_i.o(i.__kernel_cos) refers to dscalb.o(.text) for __ARM_scalbn
    cos_i.o(i.__kernel_cos) refers to cos_i.o(.constdata) for .constdata
    cos_i.o(.constdata) refers (Special) to iusefp.o(.text) for __I$use$fp
    dunder.o(i.__mathlib_dbl_divzero) refers to ddiv.o(.text) for __aeabi_ddiv
    dunder.o(i.__mathlib_dbl_infnan) refers to dscalb.o(.text) for __ARM_scalbn
    dunder.o(i.__mathlib_dbl_infnan2) refers to dadd.o(.text) for __aeabi_dadd
    dunder.o(i.__mathlib_dbl_invalid) refers to ddiv.o(.text) for __aeabi_ddiv
    dunder.o(i.__mathlib_dbl_overflow) refers to dscalb.o(.text) for __ARM_scalbn
    dunder.o(i.__mathlib_dbl_posinfnan) refers to dmul.o(.text) for __aeabi_dmul
    dunder.o(i.__mathlib_dbl_underflow) refers to dscalb.o(.text) for __ARM_scalbn
    rred.o(i.__ieee754_rem_pio2) refers (Special) to iusefp.o(.text) for __I$use$fp
    rred.o(i.__ieee754_rem_pio2) refers to dadd.o(.text) for __aeabi_dsub
    rred.o(i.__ieee754_rem_pio2) refers to dmul.o(.text) for __aeabi_dmul
    rred.o(i.__ieee754_rem_pio2) refers to dfixi.o(.text) for __aeabi_d2iz
    rred.o(i.__ieee754_rem_pio2) refers to dflti.o(.text) for __aeabi_i2d
    rred.o(i.__ieee754_rem_pio2) refers to dfltui.o(.text) for __aeabi_ui2d
    rred.o(i.__ieee754_rem_pio2) refers to dscalb.o(.text) for __ARM_scalbn
    rred.o(i.__ieee754_rem_pio2) refers to rred.o(.constdata) for .constdata
    rred.o(i.__use_accurate_range_reduction) refers (Special) to iusefp.o(.text) for __I$use$fp
    rred.o(.constdata) refers (Special) to iusefp.o(.text) for __I$use$fp
    sin_i.o(i.__kernel_sin) refers (Special) to iusefp.o(.text) for __I$use$fp
    sin_i.o(i.__kernel_sin) refers to fpclassify.o(i.__ARM_fpclassify) for __ARM_fpclassify
    sin_i.o(i.__kernel_sin) refers to dunder.o(i.__mathlib_dbl_underflow) for __mathlib_dbl_underflow
    sin_i.o(i.__kernel_sin) refers to dmul.o(.text) for __aeabi_dmul
    sin_i.o(i.__kernel_sin) refers to poly.o(i.__kernel_poly) for __kernel_poly
    sin_i.o(i.__kernel_sin) refers to dscalb.o(.text) for __ARM_scalbn
    sin_i.o(i.__kernel_sin) refers to dadd.o(.text) for __aeabi_dsub
    sin_i.o(i.__kernel_sin) refers to sin_i.o(.constdata) for .constdata
    sin_i.o(.constdata) refers (Special) to iusefp.o(.text) for __I$use$fp
    sin_i_x.o(i.____kernel_sin$lsc) refers (Special) to iusefp.o(.text) for __I$use$fp
    sin_i_x.o(i.____kernel_sin$lsc) refers to dmul.o(.text) for __aeabi_dmul
    sin_i_x.o(i.____kernel_sin$lsc) refers to poly.o(i.__kernel_poly) for __kernel_poly
    sin_i_x.o(i.____kernel_sin$lsc) refers to dscalb.o(.text) for __ARM_scalbn
    sin_i_x.o(i.____kernel_sin$lsc) refers to dadd.o(.text) for __aeabi_dsub
    sin_i_x.o(i.____kernel_sin$lsc) refers to sin_i_x.o(.constdata) for .constdata
    sin_i_x.o(.constdata) refers (Special) to iusefp.o(.text) for __I$use$fp
    entry2.o(.ARM.Collect$$$$00000001) refers to entry2.o(.ARM.Collect$$$$00002712) for __lit__00000000
    entry2.o(.ARM.Collect$$$$00002712) refers to startup_gw1ns4c.o(STACK) for __initial_sp
    entry2.o(__vectab_stack_and_reset_area) refers to startup_gw1ns4c.o(STACK) for __initial_sp
    entry2.o(__vectab_stack_and_reset_area) refers to entry.o(.ARM.Collect$$$$00000000) for __main
    entry5.o(.ARM.Collect$$$$00000004) refers to init.o(.text) for __scatterload
    entry9a.o(.ARM.Collect$$$$0000000B) refers to main.o(i.main) for main
    entry9b.o(.ARM.Collect$$$$0000000C) refers to main.o(i.main) for main
    errno.o(i.__aeabi_errno_addr) refers to errno.o(.data) for .data
    errno.o(i.__read_errno) refers to errno.o(.data) for .data
    errno.o(i.__set_errno) refers to errno.o(.data) for .data
    depilogue.o(.text) refers to llshl.o(.text) for __aeabi_llsl
    depilogue.o(.text) refers to llushr.o(.text) for __aeabi_llsr
    fpclassify.o(i.__ARM_fpclassify) refers (Special) to iusefp.o(.text) for __I$use$fp
    poly.o(i.__kernel_poly) refers (Special) to iusefp.o(.text) for __I$use$fp
    poly.o(i.__kernel_poly) refers to dmul.o(.text) for __aeabi_dmul
    poly.o(i.__kernel_poly) refers to dadd.o(.text) for __aeabi_dadd
    init.o(.text) refers to entry5.o(.ARM.Collect$$$$00000004) for __main_after_scatterload
    dfixi.o(.text) refers to llushr.o(.text) for __aeabi_llsr


==============================================================================

Removing Unused input sections from the image.

    Removing startup_gw1ns4c.o(HEAP), (512 bytes).
    Removing core_cm3.o(.emb_text), (32 bytes).
    Removing system_gw1ns4c.o(i.SystemCoreClockUpdate), (52 bytes).
    Removing gw1ns4c_gpio.o(i.GPIO_ClrAltFunc), (4 bytes).
    Removing gw1ns4c_gpio.o(i.GPIO_ClrIntEnable), (12 bytes).
    Removing gw1ns4c_gpio.o(i.GPIO_ClrOutEnable), (4 bytes).
    Removing gw1ns4c_gpio.o(i.GPIO_GetAltFunc), (6 bytes).
    Removing gw1ns4c_gpio.o(i.GPIO_GetIntStatus), (6 bytes).
    Removing gw1ns4c_gpio.o(i.GPIO_GetOutEnable), (6 bytes).
    Removing gw1ns4c_gpio.o(i.GPIO_Init), (196 bytes).
    Removing gw1ns4c_gpio.o(i.GPIO_IntClear), (8 bytes).
    Removing gw1ns4c_gpio.o(i.GPIO_MaskedWrite), (28 bytes).
    Removing gw1ns4c_gpio.o(i.GPIO_ReadBits), (6 bytes).
    Removing gw1ns4c_gpio.o(i.GPIO_ResetBit), (8 bytes).
    Removing gw1ns4c_gpio.o(i.GPIO_SetAltFunc), (8 bytes).
    Removing gw1ns4c_gpio.o(i.GPIO_SetBit), (8 bytes).
    Removing gw1ns4c_gpio.o(i.GPIO_SetIntEnable), (12 bytes).
    Removing gw1ns4c_gpio.o(i.GPIO_SetIntFallingEdge), (20 bytes).
    Removing gw1ns4c_gpio.o(i.GPIO_SetIntHighLevel), (20 bytes).
    Removing gw1ns4c_gpio.o(i.GPIO_SetIntLowLevel), (20 bytes).
    Removing gw1ns4c_gpio.o(i.GPIO_SetIntRisingEdge), (20 bytes).
    Removing gw1ns4c_gpio.o(i.GPIO_SetOutEnable), (8 bytes).
    Removing gw1ns4c_gpio.o(i.GPIO_WriteBits), (4 bytes).
    Removing gw1ns4c_i2c.o(i.Delay_ms_i2c), (36 bytes).
    Removing gw1ns4c_i2c.o(i.I2C_Enable), (10 bytes).
    Removing gw1ns4c_i2c.o(i.I2C_Init), (46 bytes).
    Removing gw1ns4c_i2c.o(i.I2C_InterruptClose), (10 bytes).
    Removing gw1ns4c_i2c.o(i.I2C_InterruptOpen), (10 bytes).
    Removing gw1ns4c_i2c.o(i.I2C_Rate_Set), (32 bytes).
    Removing gw1ns4c_i2c.o(i.I2C_ReadBytes), (44 bytes).
    Removing gw1ns4c_i2c.o(i.I2C_ReceiveByte), (140 bytes).
    Removing gw1ns4c_i2c.o(i.I2C_ReceiveData), (164 bytes).
    Removing gw1ns4c_i2c.o(i.I2C_SendByte), (124 bytes).
    Removing gw1ns4c_i2c.o(i.I2C_SendBytes), (44 bytes).
    Removing gw1ns4c_i2c.o(i.I2C_SendData), (158 bytes).
    Removing gw1ns4c_i2c.o(i.I2C_UnEnable), (8 bytes).
    Removing gw1ns4c_misc.o(i.NVIC_SetVectorTable), (20 bytes).
    Removing gw1ns4c_misc.o(i.SysTick_CLKSourceConfig), (18 bytes).
    Removing gw1ns4c_rtc.o(i.Clear_RTC_interrupt), (12 bytes).
    Removing gw1ns4c_rtc.o(i.Close_RTC), (12 bytes).
    Removing gw1ns4c_rtc.o(i.Get_Current_Value), (12 bytes).
    Removing gw1ns4c_rtc.o(i.Get_Load_Value), (12 bytes).
    Removing gw1ns4c_rtc.o(i.Get_Match_Value), (12 bytes).
    Removing gw1ns4c_rtc.o(i.Get_RTC_Control_value), (12 bytes).
    Removing gw1ns4c_rtc.o(i.Get_RTC_Inter_Mask_value), (12 bytes).
    Removing gw1ns4c_rtc.o(i.RTC_Inter_Mask_Clr), (12 bytes).
    Removing gw1ns4c_rtc.o(i.RTC_Inter_Mask_Set), (12 bytes).
    Removing gw1ns4c_rtc.o(i.RTC_init), (24 bytes).
    Removing gw1ns4c_rtc.o(i.Set_Load_Value), (12 bytes).
    Removing gw1ns4c_rtc.o(i.Set_Match_Value), (12 bytes).
    Removing gw1ns4c_rtc.o(i.Start_RTC), (12 bytes).
    Removing gw1ns4c_syscon.o(i.SYSCON_GetPmuctrlEnable), (12 bytes).
    Removing gw1ns4c_syscon.o(i.SYSCON_GetRemap), (12 bytes).
    Removing gw1ns4c_syscon.o(i.SYSCON_GetResetopLockuprst), (12 bytes).
    Removing gw1ns4c_syscon.o(i.SYSCON_GetRstinfoLockreset), (16 bytes).
    Removing gw1ns4c_syscon.o(i.SYSCON_GetRstinfoSysresetreq), (16 bytes).
    Removing gw1ns4c_syscon.o(i.SYSCON_GetRstinfoWdogresetreq), (16 bytes).
    Removing gw1ns4c_syscon.o(i.SYSCON_Init), (20 bytes).
    Removing gw1ns4c_timer.o(i.TIMER_ClearIRQ), (6 bytes).
    Removing gw1ns4c_timer.o(i.TIMER_DisableIRQ), (10 bytes).
    Removing gw1ns4c_timer.o(i.TIMER_EnableIRQ), (10 bytes).
    Removing gw1ns4c_timer.o(i.TIMER_GetIRQStatus), (8 bytes).
    Removing gw1ns4c_timer.o(i.TIMER_GetReload), (6 bytes).
    Removing gw1ns4c_timer.o(i.TIMER_GetValue), (6 bytes).
    Removing gw1ns4c_timer.o(i.TIMER_Init), (84 bytes).
    Removing gw1ns4c_timer.o(i.TIMER_SelExtClock), (16 bytes).
    Removing gw1ns4c_timer.o(i.TIMER_SelExtEnable), (16 bytes).
    Removing gw1ns4c_timer.o(i.TIMER_SetReload), (4 bytes).
    Removing gw1ns4c_timer.o(i.TIMER_SetValue), (4 bytes).
    Removing gw1ns4c_timer.o(i.TIMER_StartTimer), (10 bytes).
    Removing gw1ns4c_timer.o(i.TIMER_StopTimer), (10 bytes).
    Removing gw1ns4c_uart.o(i.UART_ClearRxBufferOverrunStatus), (6 bytes).
    Removing gw1ns4c_uart.o(i.UART_ClearRxOverrunIRQ), (6 bytes).
    Removing gw1ns4c_uart.o(i.UART_ClearTxBufferOverrunStatus), (6 bytes).
    Removing gw1ns4c_uart.o(i.UART_ClearTxIRQ), (6 bytes).
    Removing gw1ns4c_uart.o(i.UART_ClearTxOverrunIRQ), (6 bytes).
    Removing gw1ns4c_uart.o(i.UART_ClrHSTM), (10 bytes).
    Removing gw1ns4c_uart.o(i.UART_GetBaudDivider), (6 bytes).
    Removing gw1ns4c_uart.o(i.UART_GetRxBufferFull), (10 bytes).
    Removing gw1ns4c_uart.o(i.UART_GetRxBufferOverrunStatus), (10 bytes).
    Removing gw1ns4c_uart.o(i.UART_GetRxOverrunIRQStatus), (10 bytes).
    Removing gw1ns4c_uart.o(i.UART_GetTxBufferFull), (10 bytes).
    Removing gw1ns4c_uart.o(i.UART_GetTxBufferOverrunStatus), (10 bytes).
    Removing gw1ns4c_uart.o(i.UART_GetTxIRQStatus), (10 bytes).
    Removing gw1ns4c_uart.o(i.UART_GetTxOverrunIRQStatus), (10 bytes).
    Removing gw1ns4c_uart.o(i.UART_SendString), (28 bytes).
    Removing gw1ns4c_uart.o(i.UART_SetHSTM), (10 bytes).
    Removing gw1ns4c_wdog.o(i.WDOG_ClrITModeEnable), (20 bytes).
    Removing gw1ns4c_wdog.o(i.WDOG_ClrITOP), (16 bytes).
    Removing gw1ns4c_wdog.o(i.WDOG_ClrIntEnable), (12 bytes).
    Removing gw1ns4c_wdog.o(i.WDOG_GetCounterValue), (12 bytes).
    Removing gw1ns4c_wdog.o(i.WDOG_GetITModeStatus), (20 bytes).
    Removing gw1ns4c_wdog.o(i.WDOG_GetITOPIntStatus), (20 bytes).
    Removing gw1ns4c_wdog.o(i.WDOG_GetITOPResStatus), (20 bytes).
    Removing gw1ns4c_wdog.o(i.WDOG_GetIntStatus), (20 bytes).
    Removing gw1ns4c_wdog.o(i.WDOG_GetMaskIntStatus), (20 bytes).
    Removing gw1ns4c_wdog.o(i.WDOG_GetRawIntStatus), (20 bytes).
    Removing gw1ns4c_wdog.o(i.WDOG_GetResStatus), (20 bytes).
    Removing gw1ns4c_wdog.o(i.WDOG_Init), (164 bytes).
    Removing gw1ns4c_wdog.o(i.WDOG_LockWriteAccess), (12 bytes).
    Removing gw1ns4c_wdog.o(i.WDOG_RestartCounter), (12 bytes).
    Removing gw1ns4c_wdog.o(i.WDOG_SetITModeEnable), (20 bytes).
    Removing gw1ns4c_wdog.o(i.WDOG_SetITOP), (12 bytes).
    Removing gw1ns4c_wdog.o(i.WDOG_SetIntEnable), (20 bytes).
    Removing gw1ns4c_wdog.o(i.WDOG_SetResetEnable), (20 bytes).
    Removing gw1ns4c_wdog.o(i.WDOG_UnlockWriteAccess), (16 bytes).
    Removing main.o(.data), (4 bytes).
    Removing retarget.o(i.fgetc), (30 bytes).
    Removing retarget.o(i.fputc), (36 bytes).

109 unused section(s) (total 3026 bytes) removed from the image.

==============================================================================

Image Symbol Table

    Local Symbols

    Symbol Name                              Value     Ov Type        Size  Object(Section)

    RESET                                    0x00000000   Section      192  startup_gw1ns4c.o(RESET)
    ../clib/microlib/errno.c                 0x00000000   Number         0  errno.o ABSOLUTE
    ../clib/microlib/init/entry.s            0x00000000   Number         0  entry5.o ABSOLUTE
    ../clib/microlib/init/entry.s            0x00000000   Number         0  entry7a.o ABSOLUTE
    ../clib/microlib/init/entry.s            0x00000000   Number         0  entry2.o ABSOLUTE
    ../clib/microlib/init/entry.s            0x00000000   Number         0  entry7b.o ABSOLUTE
    ../clib/microlib/init/entry.s            0x00000000   Number         0  entry8a.o ABSOLUTE
    ../clib/microlib/init/entry.s            0x00000000   Number         0  entry8b.o ABSOLUTE
    ../clib/microlib/init/entry.s            0x00000000   Number         0  entry9a.o ABSOLUTE
    ../clib/microlib/init/entry.s            0x00000000   Number         0  entry9b.o ABSOLUTE
    ../clib/microlib/init/entry.s            0x00000000   Number         0  entry10a.o ABSOLUTE
    ../clib/microlib/init/entry.s            0x00000000   Number         0  entry10b.o ABSOLUTE
    ../clib/microlib/init/entry.s            0x00000000   Number         0  entry11a.o ABSOLUTE
    ../clib/microlib/init/entry.s            0x00000000   Number         0  entry11b.o ABSOLUTE
    ../clib/microlib/init/entry.s            0x00000000   Number         0  entry.o ABSOLUTE
    ../clib/microlib/longlong.c              0x00000000   Number         0  llsshr.o ABSOLUTE
    ../clib/microlib/longlong.c              0x00000000   Number         0  llshl.o ABSOLUTE
    ../clib/microlib/longlong.c              0x00000000   Number         0  llushr.o ABSOLUTE
    ../clib/microlib/stubs.s                 0x00000000   Number         0  iusefp.o ABSOLUTE
    ../fplib/microlib/fpadd.c                0x00000000   Number         0  dadd.o ABSOLUTE
    ../fplib/microlib/fpdiv.c                0x00000000   Number         0  ddiv.o ABSOLUTE
    ../fplib/microlib/fpepilogue.c           0x00000000   Number         0  depilogue.o ABSOLUTE
    ../fplib/microlib/fpfix.c                0x00000000   Number         0  dfixui.o ABSOLUTE
    ../fplib/microlib/fpfix.c                0x00000000   Number         0  dfixi.o ABSOLUTE
    ../fplib/microlib/fpflt.c                0x00000000   Number         0  dfltui.o ABSOLUTE
    ../fplib/microlib/fpflt.c                0x00000000   Number         0  dflti.o ABSOLUTE
    ../fplib/microlib/fpmul.c                0x00000000   Number         0  dmul.o ABSOLUTE
    ../fplib/microlib/fpscalb.c              0x00000000   Number         0  dscalb.o ABSOLUTE
    ../mathlib/cos_i.c                       0x00000000   Number         0  cos_i.o ABSOLUTE
    ../mathlib/dunder.c                      0x00000000   Number         0  dunder.o ABSOLUTE
    ../mathlib/fpclassify.c                  0x00000000   Number         0  fpclassify.o ABSOLUTE
    ../mathlib/poly.c                        0x00000000   Number         0  poly.o ABSOLUTE
    ../mathlib/rred.c                        0x00000000   Number         0  rred.o ABSOLUTE
    ../mathlib/sin.c                         0x00000000   Number         0  sin_x.o ABSOLUTE
    ../mathlib/sin.c                         0x00000000   Number         0  sin.o ABSOLUTE
    ../mathlib/sin_i.c                       0x00000000   Number         0  sin_i.o ABSOLUTE
    ../mathlib/sin_i.c                       0x00000000   Number         0  sin_i_x.o ABSOLUTE
    ..\CORE\core_cm3.c                       0x00000000   Number         0  core_cm3.o ABSOLUTE
    ..\PERIPHREAL\Sources\gw1ns4c_gpio.c     0x00000000   Number         0  gw1ns4c_gpio.o ABSOLUTE
    ..\PERIPHREAL\Sources\gw1ns4c_i2c.c      0x00000000   Number         0  gw1ns4c_i2c.o ABSOLUTE
    ..\PERIPHREAL\Sources\gw1ns4c_misc.c     0x00000000   Number         0  gw1ns4c_misc.o ABSOLUTE
    ..\PERIPHREAL\Sources\gw1ns4c_rtc.c      0x00000000   Number         0  gw1ns4c_rtc.o ABSOLUTE
    ..\PERIPHREAL\Sources\gw1ns4c_syscon.c   0x00000000   Number         0  gw1ns4c_syscon.o ABSOLUTE
    ..\PERIPHREAL\Sources\gw1ns4c_timer.c    0x00000000   Number         0  gw1ns4c_timer.o ABSOLUTE
    ..\PERIPHREAL\Sources\gw1ns4c_uart.c     0x00000000   Number         0  gw1ns4c_uart.o ABSOLUTE
    ..\PERIPHREAL\Sources\gw1ns4c_wdog.c     0x00000000   Number         0  gw1ns4c_wdog.o ABSOLUTE
    ..\STARTUP\startup_gw1ns4c.s             0x00000000   Number         0  startup_gw1ns4c.o ABSOLUTE
    ..\SYSTEM\system_gw1ns4c.c               0x00000000   Number         0  system_gw1ns4c.o ABSOLUTE
    ..\USER\gw1ns4c_it.c                     0x00000000   Number         0  gw1ns4c_it.o ABSOLUTE
    ..\USER\main.c                           0x00000000   Number         0  main.o ABSOLUTE
    ..\USER\retarget.c                       0x00000000   Number         0  retarget.o ABSOLUTE
    ..\\CORE\\core_cm3.c                     0x00000000   Number         0  core_cm3.o ABSOLUTE
    dc.s                                     0x00000000   Number         0  dc.o ABSOLUTE
    handlers.s                               0x00000000   Number         0  handlers.o ABSOLUTE
    init.s                                   0x00000000   Number         0  init.o ABSOLUTE
    .ARM.Collect$$$$00000000                 0x000000c0   Section        0  entry.o(.ARM.Collect$$$$00000000)
    .ARM.Collect$$$$00000001                 0x000000c0   Section        4  entry2.o(.ARM.Collect$$$$00000001)
    .ARM.Collect$$$$00000004                 0x000000c4   Section        4  entry5.o(.ARM.Collect$$$$00000004)
    .ARM.Collect$$$$00000008                 0x000000c8   Section        0  entry7b.o(.ARM.Collect$$$$00000008)
    .ARM.Collect$$$$0000000A                 0x000000c8   Section        0  entry8b.o(.ARM.Collect$$$$0000000A)
    .ARM.Collect$$$$0000000B                 0x000000c8   Section        8  entry9a.o(.ARM.Collect$$$$0000000B)
    .ARM.Collect$$$$0000000D                 0x000000d0   Section        0  entry10a.o(.ARM.Collect$$$$0000000D)
    .ARM.Collect$$$$0000000F                 0x000000d0   Section        0  entry11a.o(.ARM.Collect$$$$0000000F)
    .ARM.Collect$$$$00002712                 0x000000d0   Section        4  entry2.o(.ARM.Collect$$$$00002712)
    __lit__00000000                          0x000000d0   Data           4  entry2.o(.ARM.Collect$$$$00002712)
    .text                                    0x000000d4   Section       36  startup_gw1ns4c.o(.text)
    .text                                    0x000000f8   Section        0  dadd.o(.text)
    .text                                    0x00000246   Section        0  dmul.o(.text)
    .text                                    0x0000032a   Section        0  ddiv.o(.text)
    .text                                    0x00000408   Section        0  dflti.o(.text)
    .text                                    0x0000042a   Section        0  dfltui.o(.text)
    .text                                    0x00000444   Section        0  dfixui.o(.text)
    .text                                    0x00000476   Section        0  llshl.o(.text)
    .text                                    0x00000494   Section        0  llushr.o(.text)
    .text                                    0x000004b4   Section        0  llsshr.o(.text)
    .text                                    0x000004d8   Section        0  iusefp.o(.text)
    .text                                    0x000004d8   Section        0  depilogue.o(.text)
    .text                                    0x00000594   Section       36  init.o(.text)
    .text                                    0x000005b8   Section        0  dscalb.o(.text)
    .text                                    0x000005e6   Section        0  dfixi.o(.text)
    i.BusFault_Handler                       0x00000624   Section        0  gw1ns4c_it.o(i.BusFault_Handler)
    i.DebugMon_Handler                       0x00000628   Section        0  gw1ns4c_it.o(i.DebugMon_Handler)
    i.HardFault_Handler                      0x0000062a   Section        0  gw1ns4c_it.o(i.HardFault_Handler)
    i.I2C_Handler                            0x0000062e   Section        0  gw1ns4c_it.o(i.I2C_Handler)
    i.MemManage_Handler                      0x00000630   Section        0  gw1ns4c_it.o(i.MemManage_Handler)
    i.NMI_Handler                            0x00000634   Section        0  gw1ns4c_it.o(i.NMI_Handler)
    i.NVIC_Init                              0x00000638   Section        0  gw1ns4c_misc.o(i.NVIC_Init)
    i.NVIC_PriorityGroupConfig               0x000006a8   Section        0  gw1ns4c_misc.o(i.NVIC_PriorityGroupConfig)
    i.PORT0_0_Handler                        0x000006bc   Section        0  gw1ns4c_it.o(i.PORT0_0_Handler)
    i.PORT0_10_Handler                       0x000006be   Section        0  gw1ns4c_it.o(i.PORT0_10_Handler)
    i.PORT0_11_Handler                       0x000006c0   Section        0  gw1ns4c_it.o(i.PORT0_11_Handler)
    i.PORT0_12_Handler                       0x000006c2   Section        0  gw1ns4c_it.o(i.PORT0_12_Handler)
    i.PORT0_13_Handler                       0x000006c4   Section        0  gw1ns4c_it.o(i.PORT0_13_Handler)
    i.PORT0_14_Handler                       0x000006c6   Section        0  gw1ns4c_it.o(i.PORT0_14_Handler)
    i.PORT0_15_Handler                       0x000006c8   Section        0  gw1ns4c_it.o(i.PORT0_15_Handler)
    i.PORT0_1_Handler                        0x000006ca   Section        0  gw1ns4c_it.o(i.PORT0_1_Handler)
    i.PORT0_2_Handler                        0x000006cc   Section        0  gw1ns4c_it.o(i.PORT0_2_Handler)
    i.PORT0_3_Handler                        0x000006ce   Section        0  gw1ns4c_it.o(i.PORT0_3_Handler)
    i.PORT0_4_Handler                        0x000006d0   Section        0  gw1ns4c_it.o(i.PORT0_4_Handler)
    i.PORT0_5_Handler                        0x000006d2   Section        0  gw1ns4c_it.o(i.PORT0_5_Handler)
    i.PORT0_6_Handler                        0x000006d4   Section        0  gw1ns4c_it.o(i.PORT0_6_Handler)
    i.PORT0_7_Handler                        0x000006d6   Section        0  gw1ns4c_it.o(i.PORT0_7_Handler)
    i.PORT0_8_Handler                        0x000006d8   Section        0  gw1ns4c_it.o(i.PORT0_8_Handler)
    i.PORT0_9_Handler                        0x000006da   Section        0  gw1ns4c_it.o(i.PORT0_9_Handler)
    i.PendSV_Handler                         0x000006dc   Section        0  gw1ns4c_it.o(i.PendSV_Handler)
    i.RTC_Handler                            0x000006de   Section        0  gw1ns4c_it.o(i.RTC_Handler)
    i.SVC_Handler                            0x000006e0   Section        0  gw1ns4c_it.o(i.SVC_Handler)
    i.SysTick_Handler                        0x000006e2   Section        0  gw1ns4c_it.o(i.SysTick_Handler)
    i.SystemInit                             0x000006e4   Section        0  system_gw1ns4c.o(i.SystemInit)
    i.TIMER1_Handler                         0x00000718   Section        0  gw1ns4c_it.o(i.TIMER1_Handler)
    i.UART0_Handler                          0x0000071a   Section        0  main.o(i.UART0_Handler)
    i.UART_ClearRxIRQ                        0x00000746   Section        0  gw1ns4c_uart.o(i.UART_ClearRxIRQ)
    i.UART_GetRxIRQStatus                    0x0000074c   Section        0  gw1ns4c_uart.o(i.UART_GetRxIRQStatus)
    i.UART_Init                              0x00000758   Section        0  gw1ns4c_uart.o(i.UART_Init)
    i.UART_ReceiveChar                       0x000007d8   Section        0  gw1ns4c_uart.o(i.UART_ReceiveChar)
    i.UART_SendChar                          0x000007ec   Section        0  gw1ns4c_uart.o(i.UART_SendChar)
    i.USER_INT0_Handler                      0x000007fc   Section        0  gw1ns4c_it.o(i.USER_INT0_Handler)
    i.USER_INT1_Handler                      0x000007fe   Section        0  gw1ns4c_it.o(i.USER_INT1_Handler)
    i.USER_INT2_Handler                      0x00000800   Section        0  gw1ns4c_it.o(i.USER_INT2_Handler)
    i.USER_INT3_Handler                      0x00000802   Section        0  gw1ns4c_it.o(i.USER_INT3_Handler)
    i.USER_INT4_Handler                      0x00000804   Section        0  gw1ns4c_it.o(i.USER_INT4_Handler)
    i.USER_INT5_Handler                      0x00000806   Section        0  gw1ns4c_it.o(i.USER_INT5_Handler)
    i.Uart0Init                              0x00000808   Section        0  main.o(i.Uart0Init)
    i.UsageFault_Handler                     0x00000840   Section        0  gw1ns4c_it.o(i.UsageFault_Handler)
    i.__ARM_fpclassify                       0x00000844   Section        0  fpclassify.o(i.__ARM_fpclassify)
    i.__ieee754_rem_pio2                     0x0000086c   Section        0  rred.o(i.__ieee754_rem_pio2)
    i.__kernel_cos                           0x00000bf4   Section        0  cos_i.o(i.__kernel_cos)
    i.__kernel_poly                          0x00000cf0   Section        0  poly.o(i.__kernel_poly)
    i.__kernel_sin                           0x00000d9c   Section        0  sin_i.o(i.__kernel_sin)
    i.__mathlib_dbl_infnan                   0x00000e88   Section        0  dunder.o(i.__mathlib_dbl_infnan)
    i.__mathlib_dbl_invalid                  0x00000e8e   Section        0  dunder.o(i.__mathlib_dbl_invalid)
    i.__mathlib_dbl_underflow                0x00000e9c   Section        0  dunder.o(i.__mathlib_dbl_underflow)
    i.__scatterload_copy                     0x00000eac   Section       14  handlers.o(i.__scatterload_copy)
    i.__scatterload_null                     0x00000eba   Section        2  handlers.o(i.__scatterload_null)
    i.__scatterload_zeroinit                 0x00000ebc   Section       14  handlers.o(i.__scatterload_zeroinit)
    i.__set_errno                            0x00000ecc   Section        0  errno.o(i.__set_errno)
    i.delay_ms                               0x00000ed8   Section        0  main.o(i.delay_ms)
    i.main                                   0x00000f18   Section        0  main.o(i.main)
    i.sin                                    0x00000fc4   Section        0  sin.o(i.sin)
    .constdata                               0x00001068   Section       48  cos_i.o(.constdata)
    C                                        0x00001068   Data          48  cos_i.o(.constdata)
    .constdata                               0x00001098   Section      200  rred.o(.constdata)
    pio2s                                    0x00001098   Data          48  rred.o(.constdata)
    twooverpi                                0x000010c8   Data         152  rred.o(.constdata)
    .constdata                               0x00001160   Section       40  sin_i.o(.constdata)
    S                                        0x00001160   Data          40  sin_i.o(.constdata)
    .data                                    0x20000000   Section       16  system_gw1ns4c.o(.data)
    .data                                    0x20000010   Section        4  errno.o(.data)
    _errno                                   0x20000010   Data           4  errno.o(.data)
    STACK                                    0x20000018   Section     1024  startup_gw1ns4c.o(STACK)

    Global Symbols

    Symbol Name                              Value     Ov Type        Size  Object(Section)

    BuildAttributes$$THM_ISAv4$P$D$K$B$S$PE$A:L22UL41UL21$X:L11$S22US41US21$IEEE1$IW$USESV6$~STKCKD$USESV7$~SHL$OTIME$ROPI$IEEEX$EBA8$MICROLIB$REQ8$PRES8$EABIv2 0x00000000   Number         0  anon$$obj.o ABSOLUTE
    __ARM_use_no_argv                        0x00000000   Number         0  main.o ABSOLUTE
    __Vectors                                0x00000000   Data           4  startup_gw1ns4c.o(RESET)
    __cpp_initialize__aeabi_                  - Undefined Weak Reference
    __cxa_finalize                            - Undefined Weak Reference
    __decompress                              - Undefined Weak Reference
    _clock_init                               - Undefined Weak Reference
    _microlib_exit                            - Undefined Weak Reference
    __Vectors_End                            0x000000c0   Data           0  startup_gw1ns4c.o(RESET)
    __Vectors_Size                           0x000000c0   Number         0  startup_gw1ns4c.o ABSOLUTE
    __main                                   0x000000c1   Thumb Code     0  entry.o(.ARM.Collect$$$$00000000)
    _main_stk                                0x000000c1   Thumb Code     0  entry2.o(.ARM.Collect$$$$00000001)
    _main_scatterload                        0x000000c5   Thumb Code     0  entry5.o(.ARM.Collect$$$$00000004)
    __main_after_scatterload                 0x000000c9   Thumb Code     0  entry5.o(.ARM.Collect$$$$00000004)
    _main_clock                              0x000000c9   Thumb Code     0  entry7b.o(.ARM.Collect$$$$00000008)
    _main_cpp_init                           0x000000c9   Thumb Code     0  entry8b.o(.ARM.Collect$$$$0000000A)
    _main_init                               0x000000c9   Thumb Code     0  entry9a.o(.ARM.Collect$$$$0000000B)
    __rt_final_cpp                           0x000000d1   Thumb Code     0  entry10a.o(.ARM.Collect$$$$0000000D)
    __rt_final_exit                          0x000000d1   Thumb Code     0  entry11a.o(.ARM.Collect$$$$0000000F)
    Reset_Handler                            0x000000d5   Thumb Code     8  startup_gw1ns4c.o(.text)
    PORT0_COMB_Handler                       0x000000ef   Thumb Code     0  startup_gw1ns4c.o(.text)
    Spare15_Handler                          0x000000ef   Thumb Code     0  startup_gw1ns4c.o(.text)
    TIMER0_Handler                           0x000000ef   Thumb Code     0  startup_gw1ns4c.o(.text)
    UART1_Handler                            0x000000ef   Thumb Code     0  startup_gw1ns4c.o(.text)
    UARTOVF_Handler                          0x000000ef   Thumb Code     0  startup_gw1ns4c.o(.text)
    __aeabi_dadd                             0x000000f9   Thumb Code   322  dadd.o(.text)
    __aeabi_dsub                             0x0000023b   Thumb Code     6  dadd.o(.text)
    __aeabi_drsub                            0x00000241   Thumb Code     6  dadd.o(.text)
    __aeabi_dmul                             0x00000247   Thumb Code   228  dmul.o(.text)
    __aeabi_ddiv                             0x0000032b   Thumb Code   222  ddiv.o(.text)
    __aeabi_i2d                              0x00000409   Thumb Code    34  dflti.o(.text)
    __aeabi_ui2d                             0x0000042b   Thumb Code    26  dfltui.o(.text)
    __aeabi_d2uiz                            0x00000445   Thumb Code    50  dfixui.o(.text)
    __aeabi_llsl                             0x00000477   Thumb Code    30  llshl.o(.text)
    _ll_shift_l                              0x00000477   Thumb Code     0  llshl.o(.text)
    __aeabi_llsr                             0x00000495   Thumb Code    32  llushr.o(.text)
    _ll_ushift_r                             0x00000495   Thumb Code     0  llushr.o(.text)
    __aeabi_lasr                             0x000004b5   Thumb Code    36  llsshr.o(.text)
    _ll_sshift_r                             0x000004b5   Thumb Code     0  llsshr.o(.text)
    __I$use$fp                               0x000004d9   Thumb Code     0  iusefp.o(.text)
    _double_round                            0x000004d9   Thumb Code    30  depilogue.o(.text)
    _double_epilogue                         0x000004f7   Thumb Code   156  depilogue.o(.text)
    __scatterload                            0x00000595   Thumb Code    28  init.o(.text)
    __scatterload_rt2                        0x00000595   Thumb Code     0  init.o(.text)
    __ARM_scalbn                             0x000005b9   Thumb Code    46  dscalb.o(.text)
    scalbn                                   0x000005b9   Thumb Code     0  dscalb.o(.text)
    __aeabi_d2iz                             0x000005e7   Thumb Code    62  dfixi.o(.text)
    BusFault_Handler                         0x00000625   Thumb Code     4  gw1ns4c_it.o(i.BusFault_Handler)
    DebugMon_Handler                         0x00000629   Thumb Code     2  gw1ns4c_it.o(i.DebugMon_Handler)
    HardFault_Handler                        0x0000062b   Thumb Code     4  gw1ns4c_it.o(i.HardFault_Handler)
    I2C_Handler                              0x0000062f   Thumb Code     2  gw1ns4c_it.o(i.I2C_Handler)
    MemManage_Handler                        0x00000631   Thumb Code     4  gw1ns4c_it.o(i.MemManage_Handler)
    NMI_Handler                              0x00000635   Thumb Code     2  gw1ns4c_it.o(i.NMI_Handler)
    NVIC_Init                                0x00000639   Thumb Code   100  gw1ns4c_misc.o(i.NVIC_Init)
    NVIC_PriorityGroupConfig                 0x000006a9   Thumb Code    10  gw1ns4c_misc.o(i.NVIC_PriorityGroupConfig)
    PORT0_0_Handler                          0x000006bd   Thumb Code     2  gw1ns4c_it.o(i.PORT0_0_Handler)
    PORT0_10_Handler                         0x000006bf   Thumb Code     2  gw1ns4c_it.o(i.PORT0_10_Handler)
    PORT0_11_Handler                         0x000006c1   Thumb Code     2  gw1ns4c_it.o(i.PORT0_11_Handler)
    PORT0_12_Handler                         0x000006c3   Thumb Code     2  gw1ns4c_it.o(i.PORT0_12_Handler)
    PORT0_13_Handler                         0x000006c5   Thumb Code     2  gw1ns4c_it.o(i.PORT0_13_Handler)
    PORT0_14_Handler                         0x000006c7   Thumb Code     2  gw1ns4c_it.o(i.PORT0_14_Handler)
    PORT0_15_Handler                         0x000006c9   Thumb Code     2  gw1ns4c_it.o(i.PORT0_15_Handler)
    PORT0_1_Handler                          0x000006cb   Thumb Code     2  gw1ns4c_it.o(i.PORT0_1_Handler)
    PORT0_2_Handler                          0x000006cd   Thumb Code     2  gw1ns4c_it.o(i.PORT0_2_Handler)
    PORT0_3_Handler                          0x000006cf   Thumb Code     2  gw1ns4c_it.o(i.PORT0_3_Handler)
    PORT0_4_Handler                          0x000006d1   Thumb Code     2  gw1ns4c_it.o(i.PORT0_4_Handler)
    PORT0_5_Handler                          0x000006d3   Thumb Code     2  gw1ns4c_it.o(i.PORT0_5_Handler)
    PORT0_6_Handler                          0x000006d5   Thumb Code     2  gw1ns4c_it.o(i.PORT0_6_Handler)
    PORT0_7_Handler                          0x000006d7   Thumb Code     2  gw1ns4c_it.o(i.PORT0_7_Handler)
    PORT0_8_Handler                          0x000006d9   Thumb Code     2  gw1ns4c_it.o(i.PORT0_8_Handler)
    PORT0_9_Handler                          0x000006db   Thumb Code     2  gw1ns4c_it.o(i.PORT0_9_Handler)
    PendSV_Handler                           0x000006dd   Thumb Code     2  gw1ns4c_it.o(i.PendSV_Handler)
    RTC_Handler                              0x000006df   Thumb Code     2  gw1ns4c_it.o(i.RTC_Handler)
    SVC_Handler                              0x000006e1   Thumb Code     2  gw1ns4c_it.o(i.SVC_Handler)
    SysTick_Handler                          0x000006e3   Thumb Code     2  gw1ns4c_it.o(i.SysTick_Handler)
    SystemInit                               0x000006e5   Thumb Code    32  system_gw1ns4c.o(i.SystemInit)
    TIMER1_Handler                           0x00000719   Thumb Code     2  gw1ns4c_it.o(i.TIMER1_Handler)
    UART0_Handler                            0x0000071b   Thumb Code    44  main.o(i.UART0_Handler)
    UART_ClearRxIRQ                          0x00000747   Thumb Code     6  gw1ns4c_uart.o(i.UART_ClearRxIRQ)
    UART_GetRxIRQStatus                      0x0000074d   Thumb Code    10  gw1ns4c_uart.o(i.UART_GetRxIRQStatus)
    UART_Init                                0x00000759   Thumb Code   122  gw1ns4c_uart.o(i.UART_Init)
    UART_ReceiveChar                         0x000007d9   Thumb Code    20  gw1ns4c_uart.o(i.UART_ReceiveChar)
    UART_SendChar                            0x000007ed   Thumb Code    16  gw1ns4c_uart.o(i.UART_SendChar)
    USER_INT0_Handler                        0x000007fd   Thumb Code     2  gw1ns4c_it.o(i.USER_INT0_Handler)
    USER_INT1_Handler                        0x000007ff   Thumb Code     2  gw1ns4c_it.o(i.USER_INT1_Handler)
    USER_INT2_Handler                        0x00000801   Thumb Code     2  gw1ns4c_it.o(i.USER_INT2_Handler)
    USER_INT3_Handler                        0x00000803   Thumb Code     2  gw1ns4c_it.o(i.USER_INT3_Handler)
    USER_INT4_Handler                        0x00000805   Thumb Code     2  gw1ns4c_it.o(i.USER_INT4_Handler)
    USER_INT5_Handler                        0x00000807   Thumb Code     2  gw1ns4c_it.o(i.USER_INT5_Handler)
    Uart0Init                                0x00000809   Thumb Code    56  main.o(i.Uart0Init)
    UsageFault_Handler                       0x00000841   Thumb Code     4  gw1ns4c_it.o(i.UsageFault_Handler)
    __ARM_fpclassify                         0x00000845   Thumb Code    40  fpclassify.o(i.__ARM_fpclassify)
    __ieee754_rem_pio2                       0x0000086d   Thumb Code   828  rred.o(i.__ieee754_rem_pio2)
    __kernel_cos                             0x00000bf5   Thumb Code   230  cos_i.o(i.__kernel_cos)
    __kernel_poly                            0x00000cf1   Thumb Code   170  poly.o(i.__kernel_poly)
    __kernel_sin                             0x00000d9d   Thumb Code   224  sin_i.o(i.__kernel_sin)
    __mathlib_dbl_infnan                     0x00000e89   Thumb Code     6  dunder.o(i.__mathlib_dbl_infnan)
    __mathlib_dbl_invalid                    0x00000e8f   Thumb Code    12  dunder.o(i.__mathlib_dbl_invalid)
    __mathlib_dbl_underflow                  0x00000e9d   Thumb Code    10  dunder.o(i.__mathlib_dbl_underflow)
    __scatterload_copy                       0x00000ead   Thumb Code    14  handlers.o(i.__scatterload_copy)
    __scatterload_null                       0x00000ebb   Thumb Code     2  handlers.o(i.__scatterload_null)
    __scatterload_zeroinit                   0x00000ebd   Thumb Code    14  handlers.o(i.__scatterload_zeroinit)
    __set_errno                              0x00000ecd   Thumb Code     6  errno.o(i.__set_errno)
    delay_ms                                 0x00000ed9   Thumb Code    52  main.o(i.delay_ms)
    main                                     0x00000f19   Thumb Code   154  main.o(i.main)
    sin                                      0x00000fc5   Thumb Code   150  sin.o(i.sin)
    Region$$Table$$Base                      0x00001188   Number         0  anon$$obj.o(Region$$Table)
    Region$$Table$$Limit                     0x000011a8   Number         0  anon$$obj.o(Region$$Table)
    SystemCoreClock                          0x20000000   Data           4  system_gw1ns4c.o(.data)
    PCLK1                                    0x20000004   Data           4  system_gw1ns4c.o(.data)
    PCLK2                                    0x20000008   Data           4  system_gw1ns4c.o(.data)
    HCLK                                     0x2000000c   Data           4  system_gw1ns4c.o(.data)
    __initial_sp                             0x20000418   Data           0  startup_gw1ns4c.o(STACK)



==============================================================================

Memory Map of the image

  Image Entry point : 0x000000c1

  Load Region LR_IROM1 (Base: 0x00000000, Size: 0x000011bc, Max: 0x00008000, ABSOLUTE)

    Execution Region ER_IROM1 (Exec base: 0x00000000, Load base: 0x00000000, Size: 0x000011a8, Max: 0x00008000, ABSOLUTE)

    Exec Addr    Load Addr    Size         Type   Attr      Idx    E Section Name        Object

    0x00000000   0x00000000   0x000000c0   Data   RO            3    RESET               startup_gw1ns4c.o
    0x000000c0   0x000000c0   0x00000000   Code   RO          164  * .ARM.Collect$$$$00000000  mc_w.l(entry.o)
    0x000000c0   0x000000c0   0x00000004   Code   RO          189    .ARM.Collect$$$$00000001  mc_w.l(entry2.o)
    0x000000c4   0x000000c4   0x00000004   Code   RO          192    .ARM.Collect$$$$00000004  mc_w.l(entry5.o)
    0x000000c8   0x000000c8   0x00000000   Code   RO          194    .ARM.Collect$$$$00000008  mc_w.l(entry7b.o)
    0x000000c8   0x000000c8   0x00000000   Code   RO          196    .ARM.Collect$$$$0000000A  mc_w.l(entry8b.o)
    0x000000c8   0x000000c8   0x00000008   Code   RO          197    .ARM.Collect$$$$0000000B  mc_w.l(entry9a.o)
    0x000000d0   0x000000d0   0x00000000   Code   RO          199    .ARM.Collect$$$$0000000D  mc_w.l(entry10a.o)
    0x000000d0   0x000000d0   0x00000000   Code   RO          201    .ARM.Collect$$$$0000000F  mc_w.l(entry11a.o)
    0x000000d0   0x000000d0   0x00000004   Code   RO          190    .ARM.Collect$$$$00002712  mc_w.l(entry2.o)
    0x000000d4   0x000000d4   0x00000024   Code   RO            4    .text               startup_gw1ns4c.o
    0x000000f8   0x000000f8   0x0000014e   Code   RO          167    .text               mf_w.l(dadd.o)
    0x00000246   0x00000246   0x000000e4   Code   RO          168    .text               mf_w.l(dmul.o)
    0x0000032a   0x0000032a   0x000000de   Code   RO          169    .text               mf_w.l(ddiv.o)
    0x00000408   0x00000408   0x00000022   Code   RO          170    .text               mf_w.l(dflti.o)
    0x0000042a   0x0000042a   0x0000001a   Code   RO          171    .text               mf_w.l(dfltui.o)
    0x00000444   0x00000444   0x00000032   Code   RO          172    .text               mf_w.l(dfixui.o)
    0x00000476   0x00000476   0x0000001e   Code   RO          203    .text               mc_w.l(llshl.o)
    0x00000494   0x00000494   0x00000020   Code   RO          204    .text               mc_w.l(llushr.o)
    0x000004b4   0x000004b4   0x00000024   Code   RO          205    .text               mc_w.l(llsshr.o)
    0x000004d8   0x000004d8   0x00000000   Code   RO          210    .text               mc_w.l(iusefp.o)
    0x000004d8   0x000004d8   0x000000ba   Code   RO          211    .text               mf_w.l(depilogue.o)
    0x00000592   0x00000592   0x00000002   PAD
    0x00000594   0x00000594   0x00000024   Code   RO          214    .text               mc_w.l(init.o)
    0x000005b8   0x000005b8   0x0000002e   Code   RO          215    .text               mf_w.l(dscalb.o)
    0x000005e6   0x000005e6   0x0000003e   Code   RO          216    .text               mf_w.l(dfixi.o)
    0x00000624   0x00000624   0x00000004   Code   RO          124    i.BusFault_Handler  gw1ns4c_it.o
    0x00000628   0x00000628   0x00000002   Code   RO          125    i.DebugMon_Handler  gw1ns4c_it.o
    0x0000062a   0x0000062a   0x00000004   Code   RO          126    i.HardFault_Handler  gw1ns4c_it.o
    0x0000062e   0x0000062e   0x00000002   Code   RO          127    i.I2C_Handler       gw1ns4c_it.o
    0x00000630   0x00000630   0x00000004   Code   RO          128    i.MemManage_Handler  gw1ns4c_it.o
    0x00000634   0x00000634   0x00000002   Code   RO          129    i.NMI_Handler       gw1ns4c_it.o
    0x00000636   0x00000636   0x00000002   PAD
    0x00000638   0x00000638   0x00000070   Code   RO           42    i.NVIC_Init         gw1ns4c_misc.o
    0x000006a8   0x000006a8   0x00000014   Code   RO           43    i.NVIC_PriorityGroupConfig  gw1ns4c_misc.o
    0x000006bc   0x000006bc   0x00000002   Code   RO          130    i.PORT0_0_Handler   gw1ns4c_it.o
    0x000006be   0x000006be   0x00000002   Code   RO          131    i.PORT0_10_Handler  gw1ns4c_it.o
    0x000006c0   0x000006c0   0x00000002   Code   RO          132    i.PORT0_11_Handler  gw1ns4c_it.o
    0x000006c2   0x000006c2   0x00000002   Code   RO          133    i.PORT0_12_Handler  gw1ns4c_it.o
    0x000006c4   0x000006c4   0x00000002   Code   RO          134    i.PORT0_13_Handler  gw1ns4c_it.o
    0x000006c6   0x000006c6   0x00000002   Code   RO          135    i.PORT0_14_Handler  gw1ns4c_it.o
    0x000006c8   0x000006c8   0x00000002   Code   RO          136    i.PORT0_15_Handler  gw1ns4c_it.o
    0x000006ca   0x000006ca   0x00000002   Code   RO          137    i.PORT0_1_Handler   gw1ns4c_it.o
    0x000006cc   0x000006cc   0x00000002   Code   RO          138    i.PORT0_2_Handler   gw1ns4c_it.o
    0x000006ce   0x000006ce   0x00000002   Code   RO          139    i.PORT0_3_Handler   gw1ns4c_it.o
    0x000006d0   0x000006d0   0x00000002   Code   RO          140    i.PORT0_4_Handler   gw1ns4c_it.o
    0x000006d2   0x000006d2   0x00000002   Code   RO          141    i.PORT0_5_Handler   gw1ns4c_it.o
    0x000006d4   0x000006d4   0x00000002   Code   RO          142    i.PORT0_6_Handler   gw1ns4c_it.o
    0x000006d6   0x000006d6   0x00000002   Code   RO          143    i.PORT0_7_Handler   gw1ns4c_it.o
    0x000006d8   0x000006d8   0x00000002   Code   RO          144    i.PORT0_8_Handler   gw1ns4c_it.o
    0x000006da   0x000006da   0x00000002   Code   RO          145    i.PORT0_9_Handler   gw1ns4c_it.o
    0x000006dc   0x000006dc   0x00000002   Code   RO          146    i.PendSV_Handler    gw1ns4c_it.o
    0x000006de   0x000006de   0x00000002   Code   RO          147    i.RTC_Handler       gw1ns4c_it.o
    0x000006e0   0x000006e0   0x00000002   Code   RO          148    i.SVC_Handler       gw1ns4c_it.o
    0x000006e2   0x000006e2   0x00000002   Code   RO          149    i.SysTick_Handler   gw1ns4c_it.o
    0x000006e4   0x000006e4   0x00000034   Code   RO            7    i.SystemInit        system_gw1ns4c.o
    0x00000718   0x00000718   0x00000002   Code   RO          150    i.TIMER1_Handler    gw1ns4c_it.o
    0x0000071a   0x0000071a   0x0000002c   Code   RO          119    i.UART0_Handler     main.o
    0x00000746   0x00000746   0x00000006   Code   RO           80    i.UART_ClearRxIRQ   gw1ns4c_uart.o
    0x0000074c   0x0000074c   0x0000000a   Code   RO           89    i.UART_GetRxIRQStatus  gw1ns4c_uart.o
    0x00000756   0x00000756   0x00000002   PAD
    0x00000758   0x00000758   0x00000080   Code   RO           95    i.UART_Init         gw1ns4c_uart.o
    0x000007d8   0x000007d8   0x00000014   Code   RO           96    i.UART_ReceiveChar  gw1ns4c_uart.o
    0x000007ec   0x000007ec   0x00000010   Code   RO           97    i.UART_SendChar     gw1ns4c_uart.o
    0x000007fc   0x000007fc   0x00000002   Code   RO          151    i.USER_INT0_Handler  gw1ns4c_it.o
    0x000007fe   0x000007fe   0x00000002   Code   RO          152    i.USER_INT1_Handler  gw1ns4c_it.o
    0x00000800   0x00000800   0x00000002   Code   RO          153    i.USER_INT2_Handler  gw1ns4c_it.o
    0x00000802   0x00000802   0x00000002   Code   RO          154    i.USER_INT3_Handler  gw1ns4c_it.o
    0x00000804   0x00000804   0x00000002   Code   RO          155    i.USER_INT4_Handler  gw1ns4c_it.o
    0x00000806   0x00000806   0x00000002   Code   RO          156    i.USER_INT5_Handler  gw1ns4c_it.o
    0x00000808   0x00000808   0x00000038   Code   RO          120    i.Uart0Init         main.o
    0x00000840   0x00000840   0x00000004   Code   RO          157    i.UsageFault_Handler  gw1ns4c_it.o
    0x00000844   0x00000844   0x00000028   Code   RO          212    i.__ARM_fpclassify  m_ws.l(fpclassify.o)
    0x0000086c   0x0000086c   0x00000388   Code   RO          182    i.__ieee754_rem_pio2  m_ws.l(rred.o)
    0x00000bf4   0x00000bf4   0x000000fc   Code   RO          173    i.__kernel_cos      m_ws.l(cos_i.o)
    0x00000cf0   0x00000cf0   0x000000aa   Code   RO          213    i.__kernel_poly     m_ws.l(poly.o)
    0x00000d9a   0x00000d9a   0x00000002   PAD
    0x00000d9c   0x00000d9c   0x000000ec   Code   RO          185    i.__kernel_sin      m_ws.l(sin_i.o)
    0x00000e88   0x00000e88   0x00000006   Code   RO          176    i.__mathlib_dbl_infnan  m_ws.l(dunder.o)
    0x00000e8e   0x00000e8e   0x0000000c   Code   RO          178    i.__mathlib_dbl_invalid  m_ws.l(dunder.o)
    0x00000e9a   0x00000e9a   0x00000002   PAD
    0x00000e9c   0x00000e9c   0x00000010   Code   RO          181    i.__mathlib_dbl_underflow  m_ws.l(dunder.o)
    0x00000eac   0x00000eac   0x0000000e   Code   RO          219    i.__scatterload_copy  mc_w.l(handlers.o)
    0x00000eba   0x00000eba   0x00000002   Code   RO          220    i.__scatterload_null  mc_w.l(handlers.o)
    0x00000ebc   0x00000ebc   0x0000000e   Code   RO          221    i.__scatterload_zeroinit  mc_w.l(handlers.o)
    0x00000eca   0x00000eca   0x00000002   PAD
    0x00000ecc   0x00000ecc   0x0000000c   Code   RO          208    i.__set_errno       mc_w.l(errno.o)
    0x00000ed8   0x00000ed8   0x00000040   Code   RO          121    i.delay_ms          main.o
    0x00000f18   0x00000f18   0x000000ac   Code   RO          122    i.main              main.o
    0x00000fc4   0x00000fc4   0x000000a0   Code   RO          161    i.sin               m_ws.l(sin.o)
    0x00001064   0x00001064   0x00000004   PAD
    0x00001068   0x00001068   0x00000030   Data   RO          174    .constdata          m_ws.l(cos_i.o)
    0x00001098   0x00001098   0x000000c8   Data   RO          184    .constdata          m_ws.l(rred.o)
    0x00001160   0x00001160   0x00000028   Data   RO          186    .constdata          m_ws.l(sin_i.o)
    0x00001188   0x00001188   0x00000020   Data   RO          217    Region$$Table       anon$$obj.o


    Execution Region RW_IRAM1 (Exec base: 0x20000000, Load base: 0x000011a8, Size: 0x00000418, Max: 0x00004000, ABSOLUTE)

    Exec Addr    Load Addr    Size         Type   Attr      Idx    E Section Name        Object

    0x20000000   0x000011a8   0x00000010   Data   RW            8    .data               system_gw1ns4c.o
    0x20000010   0x000011b8   0x00000004   Data   RW          209    .data               mc_w.l(errno.o)
    0x20000014   0x000011bc   0x00000004   PAD
    0x20000018        -       0x00000400   Zero   RW            1    STACK               startup_gw1ns4c.o


==============================================================================

Image component sizes


      Code (inc. data)   RO Data    RW Data    ZI Data      Debug   Object Name

        76          0          0          0          0          0   gw1ns4c_it.o
       132         22          0          0          0          0   gw1ns4c_misc.o
       180          6          0          0          0          0   gw1ns4c_uart.o
       336         30          0          0          0          0   main.o
        36          8        192          0       1024          0   startup_gw1ns4c.o
        52         20          0         16          0          0   system_gw1ns4c.o

    ----------------------------------------------------------------------
       816         86        224         16       1024          0   Object Totals
         0          0         32          0          0          0   (incl. Generated)
         4          0          0          0          0          0   (incl. Padding)

    ----------------------------------------------------------------------

      Code (inc. data)   RO Data    RW Data    ZI Data      Debug   Library Member Name

       252         22         48          0          0          0   cos_i.o
        34          6          0          0          0          0   dunder.o
        40          0          0          0          0          0   fpclassify.o
       170          0          0          0          0          0   poly.o
       904         76        200          0          0          0   rred.o
       160         10          0          0          0          0   sin.o
       236         12         40          0          0          0   sin_i.o
         0          0          0          0          0          0   entry.o
         0          0          0          0          0          0   entry10a.o
         0          0          0          0          0          0   entry11a.o
         8          4          0          0          0          0   entry2.o
         4          0          0          0          0          0   entry5.o
         0          0          0          0          0          0   entry7b.o
         0          0          0          0          0          0   entry8b.o
         8          4          0          0          0          0   entry9a.o
        12          6          0          4          0          0   errno.o
        30          0          0          0          0          0   handlers.o
        36          8          0          0          0          0   init.o
         0          0          0          0          0          0   iusefp.o
        30          0          0          0          0          0   llshl.o
        36          0          0          0          0          0   llsshr.o
        32          0          0          0          0          0   llushr.o
       334          0          0          0          0          0   dadd.o
       222          0          0          0          0          0   ddiv.o
       186          0          0          0          0          0   depilogue.o
        62          0          0          0          0          0   dfixi.o
        50          0          0          0          0          0   dfixui.o
        34          0          0          0          0          0   dflti.o
        26          0          0          0          0          0   dfltui.o
       228          0          0          0          0          0   dmul.o
        46          0          0          0          0          0   dscalb.o

    ----------------------------------------------------------------------
      3192        152        288          4          4          0   Library Totals
        12          4          0          0          4          0   (incl. Padding)

    ----------------------------------------------------------------------

      Code (inc. data)   RO Data    RW Data    ZI Data      Debug   Library Name

      1796        126        288          0          0          0   m_ws.l
       196         22          0          4          0          0   mc_w.l
      1188          0          0          0          0          0   mf_w.l

    ----------------------------------------------------------------------
      3192        152        288          4          4          0   Library Totals

    ----------------------------------------------------------------------

==============================================================================


      Code (inc. data)   RO Data    RW Data    ZI Data      Debug   

      4008        238        512         20       1028          0   Grand Totals
      4008        238        512         20       1028          0   ELF Image Totals
      4008        238        512         20          0          0   ROM Totals

==============================================================================

    Total RO  Size (Code + RO Data)                 4520 (   4.41kB)
    Total RW  Size (RW Data + ZI Data)              1048 (   1.02kB)
    Total ROM Size (Code + RO Data + RW Data)       4540 (   4.43kB)

==============================================================================

