<!doctype html public "-//w3c//dtd html 4.0 transitional//en">
<html><head>
<title>Static Call Graph - [.\Objects\uart.axf]</title></head>
<body><HR>
<H1>Static Call Graph for image .\Objects\uart.axf</H1><HR>
<BR><P>#&#060CALLGRAPH&#062# ARM Linker, 5060750: Last Updated: Fri Nov 24 15:44:59 2023
<BR><P>
<H3>Maximum Stack Usage =          0 bytes + Unknown(Cycles, Untraceable Function Pointers)</H3><H3>
Call chain for Maximum Stack Depth:</H3>

<P>
<H3>
Mutually Recursive functions
</H3> <LI><a href="#[10]">PORT0_COMB_Handler</a>&nbsp;&nbsp;&nbsp;&rArr;&nbsp;&nbsp;&nbsp;<a href="#[10]">PORT0_COMB_Handler</a><BR>
</UL>
<P>
<H3>
Function Pointers
</H3><UL>
 <LI><a href="#[4]">BusFault_Handler</a> from gw1ns4c_it.o(i.BusFault_Handler) referenced from startup_gw1ns4c.o(RESET)
 <LI><a href="#[7]">DebugMon_Handler</a> from gw1ns4c_it.o(i.DebugMon_Handler) referenced from startup_gw1ns4c.o(RESET)
 <LI><a href="#[2]">HardFault_Handler</a> from gw1ns4c_it.o(i.HardFault_Handler) referenced from startup_gw1ns4c.o(RESET)
 <LI><a href="#[14]">I2C_Handler</a> from gw1ns4c_it.o(i.I2C_Handler) referenced from startup_gw1ns4c.o(RESET)
 <LI><a href="#[3]">MemManage_Handler</a> from gw1ns4c_it.o(i.MemManage_Handler) referenced from startup_gw1ns4c.o(RESET)
 <LI><a href="#[1]">NMI_Handler</a> from gw1ns4c_it.o(i.NMI_Handler) referenced from startup_gw1ns4c.o(RESET)
 <LI><a href="#[19]">PORT0_0_Handler</a> from gw1ns4c_it.o(i.PORT0_0_Handler) referenced from startup_gw1ns4c.o(RESET)
 <LI><a href="#[23]">PORT0_10_Handler</a> from gw1ns4c_it.o(i.PORT0_10_Handler) referenced from startup_gw1ns4c.o(RESET)
 <LI><a href="#[24]">PORT0_11_Handler</a> from gw1ns4c_it.o(i.PORT0_11_Handler) referenced from startup_gw1ns4c.o(RESET)
 <LI><a href="#[25]">PORT0_12_Handler</a> from gw1ns4c_it.o(i.PORT0_12_Handler) referenced from startup_gw1ns4c.o(RESET)
 <LI><a href="#[26]">PORT0_13_Handler</a> from gw1ns4c_it.o(i.PORT0_13_Handler) referenced from startup_gw1ns4c.o(RESET)
 <LI><a href="#[27]">PORT0_14_Handler</a> from gw1ns4c_it.o(i.PORT0_14_Handler) referenced from startup_gw1ns4c.o(RESET)
 <LI><a href="#[28]">PORT0_15_Handler</a> from gw1ns4c_it.o(i.PORT0_15_Handler) referenced from startup_gw1ns4c.o(RESET)
 <LI><a href="#[1a]">PORT0_1_Handler</a> from gw1ns4c_it.o(i.PORT0_1_Handler) referenced from startup_gw1ns4c.o(RESET)
 <LI><a href="#[1b]">PORT0_2_Handler</a> from gw1ns4c_it.o(i.PORT0_2_Handler) referenced from startup_gw1ns4c.o(RESET)
 <LI><a href="#[1c]">PORT0_3_Handler</a> from gw1ns4c_it.o(i.PORT0_3_Handler) referenced from startup_gw1ns4c.o(RESET)
 <LI><a href="#[1d]">PORT0_4_Handler</a> from gw1ns4c_it.o(i.PORT0_4_Handler) referenced from startup_gw1ns4c.o(RESET)
 <LI><a href="#[1e]">PORT0_5_Handler</a> from gw1ns4c_it.o(i.PORT0_5_Handler) referenced from startup_gw1ns4c.o(RESET)
 <LI><a href="#[1f]">PORT0_6_Handler</a> from gw1ns4c_it.o(i.PORT0_6_Handler) referenced from startup_gw1ns4c.o(RESET)
 <LI><a href="#[20]">PORT0_7_Handler</a> from gw1ns4c_it.o(i.PORT0_7_Handler) referenced from startup_gw1ns4c.o(RESET)
 <LI><a href="#[21]">PORT0_8_Handler</a> from gw1ns4c_it.o(i.PORT0_8_Handler) referenced from startup_gw1ns4c.o(RESET)
 <LI><a href="#[22]">PORT0_9_Handler</a> from gw1ns4c_it.o(i.PORT0_9_Handler) referenced from startup_gw1ns4c.o(RESET)
 <LI><a href="#[10]">PORT0_COMB_Handler</a> from startup_gw1ns4c.o(.text) referenced from startup_gw1ns4c.o(RESET)
 <LI><a href="#[8]">PendSV_Handler</a> from gw1ns4c_it.o(i.PendSV_Handler) referenced from startup_gw1ns4c.o(RESET)
 <LI><a href="#[f]">RTC_Handler</a> from gw1ns4c_it.o(i.RTC_Handler) referenced from startup_gw1ns4c.o(RESET)
 <LI><a href="#[0]">Reset_Handler</a> from startup_gw1ns4c.o(.text) referenced from startup_gw1ns4c.o(RESET)
 <LI><a href="#[6]">SVC_Handler</a> from gw1ns4c_it.o(i.SVC_Handler) referenced from startup_gw1ns4c.o(RESET)
 <LI><a href="#[18]">Spare15_Handler</a> from startup_gw1ns4c.o(.text) referenced from startup_gw1ns4c.o(RESET)
 <LI><a href="#[9]">SysTick_Handler</a> from gw1ns4c_it.o(i.SysTick_Handler) referenced from startup_gw1ns4c.o(RESET)
 <LI><a href="#[2a]">SystemInit</a> from system_gw1ns4c.o(i.SystemInit) referenced from startup_gw1ns4c.o(.text)
 <LI><a href="#[12]">TIMER0_Handler</a> from startup_gw1ns4c.o(.text) referenced from startup_gw1ns4c.o(RESET)
 <LI><a href="#[13]">TIMER1_Handler</a> from gw1ns4c_it.o(i.TIMER1_Handler) referenced from startup_gw1ns4c.o(RESET)
 <LI><a href="#[a]">UART0_Handler</a> from main.o(i.UART0_Handler) referenced from startup_gw1ns4c.o(RESET)
 <LI><a href="#[c]">UART1_Handler</a> from startup_gw1ns4c.o(.text) referenced from startup_gw1ns4c.o(RESET)
 <LI><a href="#[15]">UARTOVF_Handler</a> from startup_gw1ns4c.o(.text) referenced from startup_gw1ns4c.o(RESET)
 <LI><a href="#[b]">USER_INT0_Handler</a> from gw1ns4c_it.o(i.USER_INT0_Handler) referenced from startup_gw1ns4c.o(RESET)
 <LI><a href="#[d]">USER_INT1_Handler</a> from gw1ns4c_it.o(i.USER_INT1_Handler) referenced from startup_gw1ns4c.o(RESET)
 <LI><a href="#[e]">USER_INT2_Handler</a> from gw1ns4c_it.o(i.USER_INT2_Handler) referenced from startup_gw1ns4c.o(RESET)
 <LI><a href="#[11]">USER_INT3_Handler</a> from gw1ns4c_it.o(i.USER_INT3_Handler) referenced from startup_gw1ns4c.o(RESET)
 <LI><a href="#[16]">USER_INT4_Handler</a> from gw1ns4c_it.o(i.USER_INT4_Handler) referenced from startup_gw1ns4c.o(RESET)
 <LI><a href="#[17]">USER_INT5_Handler</a> from gw1ns4c_it.o(i.USER_INT5_Handler) referenced from startup_gw1ns4c.o(RESET)
 <LI><a href="#[5]">UsageFault_Handler</a> from gw1ns4c_it.o(i.UsageFault_Handler) referenced from startup_gw1ns4c.o(RESET)
 <LI><a href="#[2b]">__main</a> from entry.o(.ARM.Collect$$$$00000000) referenced from startup_gw1ns4c.o(.text)
 <LI><a href="#[29]">main</a> from main.o(i.main) referenced from entry9a.o(.ARM.Collect$$$$0000000B)
</UL>
<P>
<H3>
Global Symbols
</H3>
<P><STRONG><a name="[2b]"></a>__main</STRONG> (Thumb, 0 bytes, Stack size 0 bytes, entry.o(.ARM.Collect$$$$00000000))
<BR>[Address Reference Count : 1]<UL><LI> startup_gw1ns4c.o(.text)
</UL>
<P><STRONG><a name="[2c]"></a>_main_scatterload</STRONG> (Thumb, 0 bytes, Stack size 0 bytes, entry5.o(.ARM.Collect$$$$00000004))
<BR><BR>[Calls]<UL><LI><a href="#[2d]">&gt;&gt;</a>&nbsp;&nbsp;&nbsp;__scatterload
</UL>

<P><STRONG><a name="[3b]"></a>__main_after_scatterload</STRONG> (Thumb, 0 bytes, Stack size 0 bytes, entry5.o(.ARM.Collect$$$$00000004))
<BR><BR>[Called By]<UL><LI><a href="#[2d]">&gt;&gt;</a>&nbsp;&nbsp;&nbsp;__scatterload
</UL>

<P><STRONG><a name="[0]"></a>Reset_Handler</STRONG> (Thumb, 8 bytes, Stack size 0 bytes, startup_gw1ns4c.o(.text))
<BR>[Address Reference Count : 1]<UL><LI> startup_gw1ns4c.o(RESET)
</UL>
<P><STRONG><a name="[10]"></a>PORT0_COMB_Handler</STRONG> (Thumb, 0 bytes, Stack size 0 bytes, startup_gw1ns4c.o(.text))
<BR><BR>[Calls]<UL><LI><a href="#[10]">&gt;&gt;</a>&nbsp;&nbsp;&nbsp;PORT0_COMB_Handler
</UL>
<BR>[Called By]<UL><LI><a href="#[10]">&gt;&gt;</a>&nbsp;&nbsp;&nbsp;PORT0_COMB_Handler
</UL>
<BR>[Address Reference Count : 1]<UL><LI> startup_gw1ns4c.o(RESET)
</UL>
<P><STRONG><a name="[18]"></a>Spare15_Handler</STRONG> (Thumb, 0 bytes, Stack size 0 bytes, startup_gw1ns4c.o(.text))
<BR>[Address Reference Count : 1]<UL><LI> startup_gw1ns4c.o(RESET)
</UL>
<P><STRONG><a name="[12]"></a>TIMER0_Handler</STRONG> (Thumb, 0 bytes, Stack size 0 bytes, startup_gw1ns4c.o(.text))
<BR>[Address Reference Count : 1]<UL><LI> startup_gw1ns4c.o(RESET)
</UL>
<P><STRONG><a name="[c]"></a>UART1_Handler</STRONG> (Thumb, 0 bytes, Stack size 0 bytes, startup_gw1ns4c.o(.text))
<BR>[Address Reference Count : 1]<UL><LI> startup_gw1ns4c.o(RESET)
</UL>
<P><STRONG><a name="[15]"></a>UARTOVF_Handler</STRONG> (Thumb, 0 bytes, Stack size 0 bytes, startup_gw1ns4c.o(.text))
<BR>[Address Reference Count : 1]<UL><LI> startup_gw1ns4c.o(RESET)
</UL>
<P><STRONG><a name="[2e]"></a>__aeabi_dadd</STRONG> (Thumb, 322 bytes, Stack size 0 bytes, dadd.o(.text))
<BR><BR>[Calls]<UL><LI><a href="#[30]">&gt;&gt;</a>&nbsp;&nbsp;&nbsp;__aeabi_lasr
<LI><a href="#[2f]">&gt;&gt;</a>&nbsp;&nbsp;&nbsp;__aeabi_llsl
<LI><a href="#[32]">&gt;&gt;</a>&nbsp;&nbsp;&nbsp;_double_round
<LI><a href="#[31]">&gt;&gt;</a>&nbsp;&nbsp;&nbsp;_double_epilogue
</UL>
<BR>[Called By]<UL><LI><a href="#[46]">&gt;&gt;</a>&nbsp;&nbsp;&nbsp;__kernel_poly
<LI><a href="#[47]">&gt;&gt;</a>&nbsp;&nbsp;&nbsp;__kernel_sin
<LI><a href="#[43]">&gt;&gt;</a>&nbsp;&nbsp;&nbsp;__ieee754_rem_pio2
<LI><a href="#[34]">&gt;&gt;</a>&nbsp;&nbsp;&nbsp;__aeabi_drsub
<LI><a href="#[33]">&gt;&gt;</a>&nbsp;&nbsp;&nbsp;__aeabi_dsub
<LI><a href="#[29]">&gt;&gt;</a>&nbsp;&nbsp;&nbsp;main
</UL>

<P><STRONG><a name="[33]"></a>__aeabi_dsub</STRONG> (Thumb, 6 bytes, Stack size 0 bytes, dadd.o(.text))
<BR><BR>[Calls]<UL><LI><a href="#[2e]">&gt;&gt;</a>&nbsp;&nbsp;&nbsp;__aeabi_dadd
</UL>
<BR>[Called By]<UL><LI><a href="#[47]">&gt;&gt;</a>&nbsp;&nbsp;&nbsp;__kernel_sin
<LI><a href="#[43]">&gt;&gt;</a>&nbsp;&nbsp;&nbsp;__ieee754_rem_pio2
<LI><a href="#[45]">&gt;&gt;</a>&nbsp;&nbsp;&nbsp;__kernel_cos
</UL>

<P><STRONG><a name="[34]"></a>__aeabi_drsub</STRONG> (Thumb, 6 bytes, Stack size 0 bytes, dadd.o(.text))
<BR><BR>[Calls]<UL><LI><a href="#[2e]">&gt;&gt;</a>&nbsp;&nbsp;&nbsp;__aeabi_dadd
</UL>
<BR>[Called By]<UL><LI><a href="#[47]">&gt;&gt;</a>&nbsp;&nbsp;&nbsp;__kernel_sin
<LI><a href="#[43]">&gt;&gt;</a>&nbsp;&nbsp;&nbsp;__ieee754_rem_pio2
<LI><a href="#[45]">&gt;&gt;</a>&nbsp;&nbsp;&nbsp;__kernel_cos
</UL>

<P><STRONG><a name="[35]"></a>__aeabi_dmul</STRONG> (Thumb, 228 bytes, Stack size 0 bytes, dmul.o(.text))
<BR><BR>[Calls]<UL><LI><a href="#[31]">&gt;&gt;</a>&nbsp;&nbsp;&nbsp;_double_epilogue
</UL>
<BR>[Called By]<UL><LI><a href="#[46]">&gt;&gt;</a>&nbsp;&nbsp;&nbsp;__kernel_poly
<LI><a href="#[47]">&gt;&gt;</a>&nbsp;&nbsp;&nbsp;__kernel_sin
<LI><a href="#[43]">&gt;&gt;</a>&nbsp;&nbsp;&nbsp;__ieee754_rem_pio2
<LI><a href="#[45]">&gt;&gt;</a>&nbsp;&nbsp;&nbsp;__kernel_cos
<LI><a href="#[29]">&gt;&gt;</a>&nbsp;&nbsp;&nbsp;main
<LI><a href="#[4c]">&gt;&gt;</a>&nbsp;&nbsp;&nbsp;delay_ms
</UL>

<P><STRONG><a name="[36]"></a>__aeabi_ddiv</STRONG> (Thumb, 222 bytes, Stack size 0 bytes, ddiv.o(.text))
<BR><BR>[Calls]<UL><LI><a href="#[32]">&gt;&gt;</a>&nbsp;&nbsp;&nbsp;_double_round
</UL>
<BR>[Called By]<UL><LI><a href="#[4b]">&gt;&gt;</a>&nbsp;&nbsp;&nbsp;__mathlib_dbl_invalid
<LI><a href="#[29]">&gt;&gt;</a>&nbsp;&nbsp;&nbsp;main
</UL>

<P><STRONG><a name="[37]"></a>__aeabi_i2d</STRONG> (Thumb, 34 bytes, Stack size 0 bytes, dflti.o(.text))
<BR><BR>[Calls]<UL><LI><a href="#[31]">&gt;&gt;</a>&nbsp;&nbsp;&nbsp;_double_epilogue
</UL>
<BR>[Called By]<UL><LI><a href="#[43]">&gt;&gt;</a>&nbsp;&nbsp;&nbsp;__ieee754_rem_pio2
<LI><a href="#[29]">&gt;&gt;</a>&nbsp;&nbsp;&nbsp;main
</UL>

<P><STRONG><a name="[38]"></a>__aeabi_ui2d</STRONG> (Thumb, 26 bytes, Stack size 0 bytes, dfltui.o(.text))
<BR><BR>[Calls]<UL><LI><a href="#[31]">&gt;&gt;</a>&nbsp;&nbsp;&nbsp;_double_epilogue
</UL>
<BR>[Called By]<UL><LI><a href="#[43]">&gt;&gt;</a>&nbsp;&nbsp;&nbsp;__ieee754_rem_pio2
<LI><a href="#[4c]">&gt;&gt;</a>&nbsp;&nbsp;&nbsp;delay_ms
</UL>

<P><STRONG><a name="[39]"></a>__aeabi_d2uiz</STRONG> (Thumb, 50 bytes, Stack size 0 bytes, dfixui.o(.text))
<BR><BR>[Calls]<UL><LI><a href="#[3a]">&gt;&gt;</a>&nbsp;&nbsp;&nbsp;__aeabi_llsr
</UL>
<BR>[Called By]<UL><LI><a href="#[29]">&gt;&gt;</a>&nbsp;&nbsp;&nbsp;main
<LI><a href="#[4c]">&gt;&gt;</a>&nbsp;&nbsp;&nbsp;delay_ms
</UL>

<P><STRONG><a name="[2f]"></a>__aeabi_llsl</STRONG> (Thumb, 30 bytes, Stack size 0 bytes, llshl.o(.text))
<BR><BR>[Called By]<UL><LI><a href="#[31]">&gt;&gt;</a>&nbsp;&nbsp;&nbsp;_double_epilogue
<LI><a href="#[2e]">&gt;&gt;</a>&nbsp;&nbsp;&nbsp;__aeabi_dadd
</UL>

<P><STRONG><a name="[3a]"></a>__aeabi_llsr</STRONG> (Thumb, 32 bytes, Stack size 0 bytes, llushr.o(.text))
<BR><BR>[Called By]<UL><LI><a href="#[3c]">&gt;&gt;</a>&nbsp;&nbsp;&nbsp;__aeabi_d2iz
<LI><a href="#[31]">&gt;&gt;</a>&nbsp;&nbsp;&nbsp;_double_epilogue
<LI><a href="#[39]">&gt;&gt;</a>&nbsp;&nbsp;&nbsp;__aeabi_d2uiz
</UL>

<P><STRONG><a name="[30]"></a>__aeabi_lasr</STRONG> (Thumb, 36 bytes, Stack size 0 bytes, llsshr.o(.text))
<BR><BR>[Called By]<UL><LI><a href="#[2e]">&gt;&gt;</a>&nbsp;&nbsp;&nbsp;__aeabi_dadd
</UL>

<P><STRONG><a name="[32]"></a>_double_round</STRONG> (Thumb, 30 bytes, Stack size 0 bytes, depilogue.o(.text))
<BR><BR>[Called By]<UL><LI><a href="#[31]">&gt;&gt;</a>&nbsp;&nbsp;&nbsp;_double_epilogue
<LI><a href="#[36]">&gt;&gt;</a>&nbsp;&nbsp;&nbsp;__aeabi_ddiv
<LI><a href="#[2e]">&gt;&gt;</a>&nbsp;&nbsp;&nbsp;__aeabi_dadd
</UL>

<P><STRONG><a name="[31]"></a>_double_epilogue</STRONG> (Thumb, 156 bytes, Stack size 0 bytes, depilogue.o(.text))
<BR><BR>[Calls]<UL><LI><a href="#[3a]">&gt;&gt;</a>&nbsp;&nbsp;&nbsp;__aeabi_llsr
<LI><a href="#[2f]">&gt;&gt;</a>&nbsp;&nbsp;&nbsp;__aeabi_llsl
<LI><a href="#[32]">&gt;&gt;</a>&nbsp;&nbsp;&nbsp;_double_round
</UL>
<BR>[Called By]<UL><LI><a href="#[38]">&gt;&gt;</a>&nbsp;&nbsp;&nbsp;__aeabi_ui2d
<LI><a href="#[37]">&gt;&gt;</a>&nbsp;&nbsp;&nbsp;__aeabi_i2d
<LI><a href="#[35]">&gt;&gt;</a>&nbsp;&nbsp;&nbsp;__aeabi_dmul
<LI><a href="#[2e]">&gt;&gt;</a>&nbsp;&nbsp;&nbsp;__aeabi_dadd
</UL>

<P><STRONG><a name="[2d]"></a>__scatterload</STRONG> (Thumb, 28 bytes, Stack size 0 bytes, init.o(.text))
<BR><BR>[Calls]<UL><LI><a href="#[3b]">&gt;&gt;</a>&nbsp;&nbsp;&nbsp;__main_after_scatterload
</UL>
<BR>[Called By]<UL><LI><a href="#[2c]">&gt;&gt;</a>&nbsp;&nbsp;&nbsp;_main_scatterload
</UL>

<P><STRONG><a name="[44]"></a>__ARM_scalbn</STRONG> (Thumb, 46 bytes, Stack size 0 bytes, dscalb.o(.text))
<BR><BR>[Called By]<UL><LI><a href="#[47]">&gt;&gt;</a>&nbsp;&nbsp;&nbsp;__kernel_sin
<LI><a href="#[43]">&gt;&gt;</a>&nbsp;&nbsp;&nbsp;__ieee754_rem_pio2
<LI><a href="#[49]">&gt;&gt;</a>&nbsp;&nbsp;&nbsp;__mathlib_dbl_underflow
<LI><a href="#[4a]">&gt;&gt;</a>&nbsp;&nbsp;&nbsp;__mathlib_dbl_infnan
<LI><a href="#[45]">&gt;&gt;</a>&nbsp;&nbsp;&nbsp;__kernel_cos
</UL>

<P><STRONG><a name="[3c]"></a>__aeabi_d2iz</STRONG> (Thumb, 62 bytes, Stack size 0 bytes, dfixi.o(.text))
<BR><BR>[Calls]<UL><LI><a href="#[3a]">&gt;&gt;</a>&nbsp;&nbsp;&nbsp;__aeabi_llsr
</UL>
<BR>[Called By]<UL><LI><a href="#[43]">&gt;&gt;</a>&nbsp;&nbsp;&nbsp;__ieee754_rem_pio2
<LI><a href="#[45]">&gt;&gt;</a>&nbsp;&nbsp;&nbsp;__kernel_cos
</UL>

<P><STRONG><a name="[4]"></a>BusFault_Handler</STRONG> (Thumb, 4 bytes, Stack size 0 bytes, gw1ns4c_it.o(i.BusFault_Handler))
<BR>[Address Reference Count : 1]<UL><LI> startup_gw1ns4c.o(RESET)
</UL>
<P><STRONG><a name="[7]"></a>DebugMon_Handler</STRONG> (Thumb, 2 bytes, Stack size 0 bytes, gw1ns4c_it.o(i.DebugMon_Handler))
<BR>[Address Reference Count : 1]<UL><LI> startup_gw1ns4c.o(RESET)
</UL>
<P><STRONG><a name="[2]"></a>HardFault_Handler</STRONG> (Thumb, 4 bytes, Stack size 0 bytes, gw1ns4c_it.o(i.HardFault_Handler))
<BR>[Address Reference Count : 1]<UL><LI> startup_gw1ns4c.o(RESET)
</UL>
<P><STRONG><a name="[14]"></a>I2C_Handler</STRONG> (Thumb, 2 bytes, Stack size 0 bytes, gw1ns4c_it.o(i.I2C_Handler))
<BR>[Address Reference Count : 1]<UL><LI> startup_gw1ns4c.o(RESET)
</UL>
<P><STRONG><a name="[3]"></a>MemManage_Handler</STRONG> (Thumb, 4 bytes, Stack size 0 bytes, gw1ns4c_it.o(i.MemManage_Handler))
<BR>[Address Reference Count : 1]<UL><LI> startup_gw1ns4c.o(RESET)
</UL>
<P><STRONG><a name="[1]"></a>NMI_Handler</STRONG> (Thumb, 2 bytes, Stack size 0 bytes, gw1ns4c_it.o(i.NMI_Handler))
<BR>[Address Reference Count : 1]<UL><LI> startup_gw1ns4c.o(RESET)
</UL>
<P><STRONG><a name="[4e]"></a>NVIC_Init</STRONG> (Thumb, 100 bytes, Stack size 0 bytes, gw1ns4c_misc.o(i.NVIC_Init))
<BR><BR>[Called By]<UL><LI><a href="#[29]">&gt;&gt;</a>&nbsp;&nbsp;&nbsp;main
</UL>

<P><STRONG><a name="[4d]"></a>NVIC_PriorityGroupConfig</STRONG> (Thumb, 10 bytes, Stack size 0 bytes, gw1ns4c_misc.o(i.NVIC_PriorityGroupConfig))
<BR><BR>[Called By]<UL><LI><a href="#[29]">&gt;&gt;</a>&nbsp;&nbsp;&nbsp;main
</UL>

<P><STRONG><a name="[19]"></a>PORT0_0_Handler</STRONG> (Thumb, 2 bytes, Stack size 0 bytes, gw1ns4c_it.o(i.PORT0_0_Handler))
<BR>[Address Reference Count : 1]<UL><LI> startup_gw1ns4c.o(RESET)
</UL>
<P><STRONG><a name="[23]"></a>PORT0_10_Handler</STRONG> (Thumb, 2 bytes, Stack size 0 bytes, gw1ns4c_it.o(i.PORT0_10_Handler))
<BR>[Address Reference Count : 1]<UL><LI> startup_gw1ns4c.o(RESET)
</UL>
<P><STRONG><a name="[24]"></a>PORT0_11_Handler</STRONG> (Thumb, 2 bytes, Stack size 0 bytes, gw1ns4c_it.o(i.PORT0_11_Handler))
<BR>[Address Reference Count : 1]<UL><LI> startup_gw1ns4c.o(RESET)
</UL>
<P><STRONG><a name="[25]"></a>PORT0_12_Handler</STRONG> (Thumb, 2 bytes, Stack size 0 bytes, gw1ns4c_it.o(i.PORT0_12_Handler))
<BR>[Address Reference Count : 1]<UL><LI> startup_gw1ns4c.o(RESET)
</UL>
<P><STRONG><a name="[26]"></a>PORT0_13_Handler</STRONG> (Thumb, 2 bytes, Stack size 0 bytes, gw1ns4c_it.o(i.PORT0_13_Handler))
<BR>[Address Reference Count : 1]<UL><LI> startup_gw1ns4c.o(RESET)
</UL>
<P><STRONG><a name="[27]"></a>PORT0_14_Handler</STRONG> (Thumb, 2 bytes, Stack size 0 bytes, gw1ns4c_it.o(i.PORT0_14_Handler))
<BR>[Address Reference Count : 1]<UL><LI> startup_gw1ns4c.o(RESET)
</UL>
<P><STRONG><a name="[28]"></a>PORT0_15_Handler</STRONG> (Thumb, 2 bytes, Stack size 0 bytes, gw1ns4c_it.o(i.PORT0_15_Handler))
<BR>[Address Reference Count : 1]<UL><LI> startup_gw1ns4c.o(RESET)
</UL>
<P><STRONG><a name="[1a]"></a>PORT0_1_Handler</STRONG> (Thumb, 2 bytes, Stack size 0 bytes, gw1ns4c_it.o(i.PORT0_1_Handler))
<BR>[Address Reference Count : 1]<UL><LI> startup_gw1ns4c.o(RESET)
</UL>
<P><STRONG><a name="[1b]"></a>PORT0_2_Handler</STRONG> (Thumb, 2 bytes, Stack size 0 bytes, gw1ns4c_it.o(i.PORT0_2_Handler))
<BR>[Address Reference Count : 1]<UL><LI> startup_gw1ns4c.o(RESET)
</UL>
<P><STRONG><a name="[1c]"></a>PORT0_3_Handler</STRONG> (Thumb, 2 bytes, Stack size 0 bytes, gw1ns4c_it.o(i.PORT0_3_Handler))
<BR>[Address Reference Count : 1]<UL><LI> startup_gw1ns4c.o(RESET)
</UL>
<P><STRONG><a name="[1d]"></a>PORT0_4_Handler</STRONG> (Thumb, 2 bytes, Stack size 0 bytes, gw1ns4c_it.o(i.PORT0_4_Handler))
<BR>[Address Reference Count : 1]<UL><LI> startup_gw1ns4c.o(RESET)
</UL>
<P><STRONG><a name="[1e]"></a>PORT0_5_Handler</STRONG> (Thumb, 2 bytes, Stack size 0 bytes, gw1ns4c_it.o(i.PORT0_5_Handler))
<BR>[Address Reference Count : 1]<UL><LI> startup_gw1ns4c.o(RESET)
</UL>
<P><STRONG><a name="[1f]"></a>PORT0_6_Handler</STRONG> (Thumb, 2 bytes, Stack size 0 bytes, gw1ns4c_it.o(i.PORT0_6_Handler))
<BR>[Address Reference Count : 1]<UL><LI> startup_gw1ns4c.o(RESET)
</UL>
<P><STRONG><a name="[20]"></a>PORT0_7_Handler</STRONG> (Thumb, 2 bytes, Stack size 0 bytes, gw1ns4c_it.o(i.PORT0_7_Handler))
<BR>[Address Reference Count : 1]<UL><LI> startup_gw1ns4c.o(RESET)
</UL>
<P><STRONG><a name="[21]"></a>PORT0_8_Handler</STRONG> (Thumb, 2 bytes, Stack size 0 bytes, gw1ns4c_it.o(i.PORT0_8_Handler))
<BR>[Address Reference Count : 1]<UL><LI> startup_gw1ns4c.o(RESET)
</UL>
<P><STRONG><a name="[22]"></a>PORT0_9_Handler</STRONG> (Thumb, 2 bytes, Stack size 0 bytes, gw1ns4c_it.o(i.PORT0_9_Handler))
<BR>[Address Reference Count : 1]<UL><LI> startup_gw1ns4c.o(RESET)
</UL>
<P><STRONG><a name="[8]"></a>PendSV_Handler</STRONG> (Thumb, 2 bytes, Stack size 0 bytes, gw1ns4c_it.o(i.PendSV_Handler))
<BR>[Address Reference Count : 1]<UL><LI> startup_gw1ns4c.o(RESET)
</UL>
<P><STRONG><a name="[f]"></a>RTC_Handler</STRONG> (Thumb, 2 bytes, Stack size 0 bytes, gw1ns4c_it.o(i.RTC_Handler))
<BR>[Address Reference Count : 1]<UL><LI> startup_gw1ns4c.o(RESET)
</UL>
<P><STRONG><a name="[6]"></a>SVC_Handler</STRONG> (Thumb, 2 bytes, Stack size 0 bytes, gw1ns4c_it.o(i.SVC_Handler))
<BR>[Address Reference Count : 1]<UL><LI> startup_gw1ns4c.o(RESET)
</UL>
<P><STRONG><a name="[9]"></a>SysTick_Handler</STRONG> (Thumb, 2 bytes, Stack size 0 bytes, gw1ns4c_it.o(i.SysTick_Handler))
<BR>[Address Reference Count : 1]<UL><LI> startup_gw1ns4c.o(RESET)
</UL>
<P><STRONG><a name="[2a]"></a>SystemInit</STRONG> (Thumb, 32 bytes, Stack size 0 bytes, system_gw1ns4c.o(i.SystemInit))
<BR><BR>[Called By]<UL><LI><a href="#[29]">&gt;&gt;</a>&nbsp;&nbsp;&nbsp;main
</UL>
<BR>[Address Reference Count : 1]<UL><LI> startup_gw1ns4c.o(.text)
</UL>
<P><STRONG><a name="[13]"></a>TIMER1_Handler</STRONG> (Thumb, 2 bytes, Stack size 0 bytes, gw1ns4c_it.o(i.TIMER1_Handler))
<BR>[Address Reference Count : 1]<UL><LI> startup_gw1ns4c.o(RESET)
</UL>
<P><STRONG><a name="[a]"></a>UART0_Handler</STRONG> (Thumb, 44 bytes, Stack size 0 bytes, main.o(i.UART0_Handler))
<BR><BR>[Calls]<UL><LI><a href="#[40]">&gt;&gt;</a>&nbsp;&nbsp;&nbsp;UART_SendChar
<LI><a href="#[3e]">&gt;&gt;</a>&nbsp;&nbsp;&nbsp;UART_ReceiveChar
<LI><a href="#[3d]">&gt;&gt;</a>&nbsp;&nbsp;&nbsp;UART_GetRxIRQStatus
<LI><a href="#[3f]">&gt;&gt;</a>&nbsp;&nbsp;&nbsp;UART_ClearRxIRQ
</UL>
<BR>[Address Reference Count : 1]<UL><LI> startup_gw1ns4c.o(RESET)
</UL>
<P><STRONG><a name="[3f]"></a>UART_ClearRxIRQ</STRONG> (Thumb, 6 bytes, Stack size 0 bytes, gw1ns4c_uart.o(i.UART_ClearRxIRQ))
<BR><BR>[Called By]<UL><LI><a href="#[a]">&gt;&gt;</a>&nbsp;&nbsp;&nbsp;UART0_Handler
</UL>

<P><STRONG><a name="[3d]"></a>UART_GetRxIRQStatus</STRONG> (Thumb, 10 bytes, Stack size 0 bytes, gw1ns4c_uart.o(i.UART_GetRxIRQStatus))
<BR><BR>[Called By]<UL><LI><a href="#[a]">&gt;&gt;</a>&nbsp;&nbsp;&nbsp;UART0_Handler
</UL>

<P><STRONG><a name="[42]"></a>UART_Init</STRONG> (Thumb, 122 bytes, Stack size 0 bytes, gw1ns4c_uart.o(i.UART_Init))
<BR><BR>[Called By]<UL><LI><a href="#[41]">&gt;&gt;</a>&nbsp;&nbsp;&nbsp;Uart0Init
</UL>

<P><STRONG><a name="[3e]"></a>UART_ReceiveChar</STRONG> (Thumb, 20 bytes, Stack size 0 bytes, gw1ns4c_uart.o(i.UART_ReceiveChar))
<BR><BR>[Called By]<UL><LI><a href="#[a]">&gt;&gt;</a>&nbsp;&nbsp;&nbsp;UART0_Handler
</UL>

<P><STRONG><a name="[40]"></a>UART_SendChar</STRONG> (Thumb, 16 bytes, Stack size 0 bytes, gw1ns4c_uart.o(i.UART_SendChar))
<BR><BR>[Called By]<UL><LI><a href="#[29]">&gt;&gt;</a>&nbsp;&nbsp;&nbsp;main
<LI><a href="#[a]">&gt;&gt;</a>&nbsp;&nbsp;&nbsp;UART0_Handler
</UL>

<P><STRONG><a name="[b]"></a>USER_INT0_Handler</STRONG> (Thumb, 2 bytes, Stack size 0 bytes, gw1ns4c_it.o(i.USER_INT0_Handler))
<BR>[Address Reference Count : 1]<UL><LI> startup_gw1ns4c.o(RESET)
</UL>
<P><STRONG><a name="[d]"></a>USER_INT1_Handler</STRONG> (Thumb, 2 bytes, Stack size 0 bytes, gw1ns4c_it.o(i.USER_INT1_Handler))
<BR>[Address Reference Count : 1]<UL><LI> startup_gw1ns4c.o(RESET)
</UL>
<P><STRONG><a name="[e]"></a>USER_INT2_Handler</STRONG> (Thumb, 2 bytes, Stack size 0 bytes, gw1ns4c_it.o(i.USER_INT2_Handler))
<BR>[Address Reference Count : 1]<UL><LI> startup_gw1ns4c.o(RESET)
</UL>
<P><STRONG><a name="[11]"></a>USER_INT3_Handler</STRONG> (Thumb, 2 bytes, Stack size 0 bytes, gw1ns4c_it.o(i.USER_INT3_Handler))
<BR>[Address Reference Count : 1]<UL><LI> startup_gw1ns4c.o(RESET)
</UL>
<P><STRONG><a name="[16]"></a>USER_INT4_Handler</STRONG> (Thumb, 2 bytes, Stack size 0 bytes, gw1ns4c_it.o(i.USER_INT4_Handler))
<BR>[Address Reference Count : 1]<UL><LI> startup_gw1ns4c.o(RESET)
</UL>
<P><STRONG><a name="[17]"></a>USER_INT5_Handler</STRONG> (Thumb, 2 bytes, Stack size 0 bytes, gw1ns4c_it.o(i.USER_INT5_Handler))
<BR>[Address Reference Count : 1]<UL><LI> startup_gw1ns4c.o(RESET)
</UL>
<P><STRONG><a name="[41]"></a>Uart0Init</STRONG> (Thumb, 56 bytes, Stack size 0 bytes, main.o(i.Uart0Init))
<BR><BR>[Calls]<UL><LI><a href="#[42]">&gt;&gt;</a>&nbsp;&nbsp;&nbsp;UART_Init
</UL>
<BR>[Called By]<UL><LI><a href="#[29]">&gt;&gt;</a>&nbsp;&nbsp;&nbsp;main
</UL>

<P><STRONG><a name="[5]"></a>UsageFault_Handler</STRONG> (Thumb, 4 bytes, Stack size 0 bytes, gw1ns4c_it.o(i.UsageFault_Handler))
<BR>[Address Reference Count : 1]<UL><LI> startup_gw1ns4c.o(RESET)
</UL>
<P><STRONG><a name="[48]"></a>__ARM_fpclassify</STRONG> (Thumb, 40 bytes, Stack size 0 bytes, fpclassify.o(i.__ARM_fpclassify))
<BR><BR>[Called By]<UL><LI><a href="#[47]">&gt;&gt;</a>&nbsp;&nbsp;&nbsp;__kernel_sin
</UL>

<P><STRONG><a name="[43]"></a>__ieee754_rem_pio2</STRONG> (Thumb, 828 bytes, Stack size 0 bytes, rred.o(i.__ieee754_rem_pio2))
<BR><BR>[Calls]<UL><LI><a href="#[3c]">&gt;&gt;</a>&nbsp;&nbsp;&nbsp;__aeabi_d2iz
<LI><a href="#[44]">&gt;&gt;</a>&nbsp;&nbsp;&nbsp;__ARM_scalbn
<LI><a href="#[34]">&gt;&gt;</a>&nbsp;&nbsp;&nbsp;__aeabi_drsub
<LI><a href="#[33]">&gt;&gt;</a>&nbsp;&nbsp;&nbsp;__aeabi_dsub
<LI><a href="#[38]">&gt;&gt;</a>&nbsp;&nbsp;&nbsp;__aeabi_ui2d
<LI><a href="#[37]">&gt;&gt;</a>&nbsp;&nbsp;&nbsp;__aeabi_i2d
<LI><a href="#[35]">&gt;&gt;</a>&nbsp;&nbsp;&nbsp;__aeabi_dmul
<LI><a href="#[2e]">&gt;&gt;</a>&nbsp;&nbsp;&nbsp;__aeabi_dadd
</UL>
<BR>[Called By]<UL><LI><a href="#[4f]">&gt;&gt;</a>&nbsp;&nbsp;&nbsp;sin
</UL>

<P><STRONG><a name="[45]"></a>__kernel_cos</STRONG> (Thumb, 230 bytes, Stack size 0 bytes, cos_i.o(i.__kernel_cos))
<BR><BR>[Calls]<UL><LI><a href="#[46]">&gt;&gt;</a>&nbsp;&nbsp;&nbsp;__kernel_poly
<LI><a href="#[3c]">&gt;&gt;</a>&nbsp;&nbsp;&nbsp;__aeabi_d2iz
<LI><a href="#[44]">&gt;&gt;</a>&nbsp;&nbsp;&nbsp;__ARM_scalbn
<LI><a href="#[34]">&gt;&gt;</a>&nbsp;&nbsp;&nbsp;__aeabi_drsub
<LI><a href="#[33]">&gt;&gt;</a>&nbsp;&nbsp;&nbsp;__aeabi_dsub
<LI><a href="#[35]">&gt;&gt;</a>&nbsp;&nbsp;&nbsp;__aeabi_dmul
</UL>
<BR>[Called By]<UL><LI><a href="#[4f]">&gt;&gt;</a>&nbsp;&nbsp;&nbsp;sin
</UL>

<P><STRONG><a name="[46]"></a>__kernel_poly</STRONG> (Thumb, 170 bytes, Stack size 0 bytes, poly.o(i.__kernel_poly))
<BR><BR>[Calls]<UL><LI><a href="#[35]">&gt;&gt;</a>&nbsp;&nbsp;&nbsp;__aeabi_dmul
<LI><a href="#[2e]">&gt;&gt;</a>&nbsp;&nbsp;&nbsp;__aeabi_dadd
</UL>
<BR>[Called By]<UL><LI><a href="#[47]">&gt;&gt;</a>&nbsp;&nbsp;&nbsp;__kernel_sin
<LI><a href="#[45]">&gt;&gt;</a>&nbsp;&nbsp;&nbsp;__kernel_cos
</UL>

<P><STRONG><a name="[47]"></a>__kernel_sin</STRONG> (Thumb, 224 bytes, Stack size 0 bytes, sin_i.o(i.__kernel_sin))
<BR><BR>[Calls]<UL><LI><a href="#[46]">&gt;&gt;</a>&nbsp;&nbsp;&nbsp;__kernel_poly
<LI><a href="#[48]">&gt;&gt;</a>&nbsp;&nbsp;&nbsp;__ARM_fpclassify
<LI><a href="#[49]">&gt;&gt;</a>&nbsp;&nbsp;&nbsp;__mathlib_dbl_underflow
<LI><a href="#[44]">&gt;&gt;</a>&nbsp;&nbsp;&nbsp;__ARM_scalbn
<LI><a href="#[34]">&gt;&gt;</a>&nbsp;&nbsp;&nbsp;__aeabi_drsub
<LI><a href="#[33]">&gt;&gt;</a>&nbsp;&nbsp;&nbsp;__aeabi_dsub
<LI><a href="#[35]">&gt;&gt;</a>&nbsp;&nbsp;&nbsp;__aeabi_dmul
<LI><a href="#[2e]">&gt;&gt;</a>&nbsp;&nbsp;&nbsp;__aeabi_dadd
</UL>
<BR>[Called By]<UL><LI><a href="#[4f]">&gt;&gt;</a>&nbsp;&nbsp;&nbsp;sin
</UL>

<P><STRONG><a name="[4a]"></a>__mathlib_dbl_infnan</STRONG> (Thumb, 6 bytes, Stack size 0 bytes, dunder.o(i.__mathlib_dbl_infnan))
<BR><BR>[Calls]<UL><LI><a href="#[44]">&gt;&gt;</a>&nbsp;&nbsp;&nbsp;__ARM_scalbn
</UL>
<BR>[Called By]<UL><LI><a href="#[4f]">&gt;&gt;</a>&nbsp;&nbsp;&nbsp;sin
</UL>

<P><STRONG><a name="[4b]"></a>__mathlib_dbl_invalid</STRONG> (Thumb, 12 bytes, Stack size 0 bytes, dunder.o(i.__mathlib_dbl_invalid))
<BR><BR>[Calls]<UL><LI><a href="#[36]">&gt;&gt;</a>&nbsp;&nbsp;&nbsp;__aeabi_ddiv
</UL>
<BR>[Called By]<UL><LI><a href="#[4f]">&gt;&gt;</a>&nbsp;&nbsp;&nbsp;sin
</UL>

<P><STRONG><a name="[49]"></a>__mathlib_dbl_underflow</STRONG> (Thumb, 10 bytes, Stack size 0 bytes, dunder.o(i.__mathlib_dbl_underflow))
<BR><BR>[Calls]<UL><LI><a href="#[44]">&gt;&gt;</a>&nbsp;&nbsp;&nbsp;__ARM_scalbn
</UL>
<BR>[Called By]<UL><LI><a href="#[47]">&gt;&gt;</a>&nbsp;&nbsp;&nbsp;__kernel_sin
</UL>

<P><STRONG><a name="[50]"></a>__set_errno</STRONG> (Thumb, 6 bytes, Stack size 0 bytes, errno.o(i.__set_errno))
<BR><BR>[Called By]<UL><LI><a href="#[4f]">&gt;&gt;</a>&nbsp;&nbsp;&nbsp;sin
</UL>

<P><STRONG><a name="[4c]"></a>delay_ms</STRONG> (Thumb, 52 bytes, Stack size 0 bytes, main.o(i.delay_ms))
<BR><BR>[Calls]<UL><LI><a href="#[38]">&gt;&gt;</a>&nbsp;&nbsp;&nbsp;__aeabi_ui2d
<LI><a href="#[35]">&gt;&gt;</a>&nbsp;&nbsp;&nbsp;__aeabi_dmul
<LI><a href="#[39]">&gt;&gt;</a>&nbsp;&nbsp;&nbsp;__aeabi_d2uiz
</UL>
<BR>[Called By]<UL><LI><a href="#[29]">&gt;&gt;</a>&nbsp;&nbsp;&nbsp;main
</UL>

<P><STRONG><a name="[29]"></a>main</STRONG> (Thumb, 154 bytes, Stack size 0 bytes, main.o(i.main))
<BR><BR>[Calls]<UL><LI><a href="#[4f]">&gt;&gt;</a>&nbsp;&nbsp;&nbsp;sin
<LI><a href="#[37]">&gt;&gt;</a>&nbsp;&nbsp;&nbsp;__aeabi_i2d
<LI><a href="#[35]">&gt;&gt;</a>&nbsp;&nbsp;&nbsp;__aeabi_dmul
<LI><a href="#[36]">&gt;&gt;</a>&nbsp;&nbsp;&nbsp;__aeabi_ddiv
<LI><a href="#[2e]">&gt;&gt;</a>&nbsp;&nbsp;&nbsp;__aeabi_dadd
<LI><a href="#[39]">&gt;&gt;</a>&nbsp;&nbsp;&nbsp;__aeabi_d2uiz
<LI><a href="#[4c]">&gt;&gt;</a>&nbsp;&nbsp;&nbsp;delay_ms
<LI><a href="#[41]">&gt;&gt;</a>&nbsp;&nbsp;&nbsp;Uart0Init
<LI><a href="#[40]">&gt;&gt;</a>&nbsp;&nbsp;&nbsp;UART_SendChar
<LI><a href="#[4d]">&gt;&gt;</a>&nbsp;&nbsp;&nbsp;NVIC_PriorityGroupConfig
<LI><a href="#[4e]">&gt;&gt;</a>&nbsp;&nbsp;&nbsp;NVIC_Init
<LI><a href="#[2a]">&gt;&gt;</a>&nbsp;&nbsp;&nbsp;SystemInit
</UL>
<BR>[Address Reference Count : 1]<UL><LI> entry9a.o(.ARM.Collect$$$$0000000B)
</UL>
<P><STRONG><a name="[4f]"></a>sin</STRONG> (Thumb, 150 bytes, Stack size 0 bytes, sin.o(i.sin))
<BR><BR>[Calls]<UL><LI><a href="#[50]">&gt;&gt;</a>&nbsp;&nbsp;&nbsp;__set_errno
<LI><a href="#[47]">&gt;&gt;</a>&nbsp;&nbsp;&nbsp;__kernel_sin
<LI><a href="#[43]">&gt;&gt;</a>&nbsp;&nbsp;&nbsp;__ieee754_rem_pio2
<LI><a href="#[4b]">&gt;&gt;</a>&nbsp;&nbsp;&nbsp;__mathlib_dbl_invalid
<LI><a href="#[4a]">&gt;&gt;</a>&nbsp;&nbsp;&nbsp;__mathlib_dbl_infnan
<LI><a href="#[45]">&gt;&gt;</a>&nbsp;&nbsp;&nbsp;__kernel_cos
</UL>
<BR>[Called By]<UL><LI><a href="#[29]">&gt;&gt;</a>&nbsp;&nbsp;&nbsp;main
</UL>
<P>
<H3>
Local Symbols
</H3><P>
<H3>
Undefined Global Symbols
</H3><HR></body></html>
