<html>
<body>
<pre>
<h1>µVision Build Log</h1>
<h2>Tool Versions:</h2>
IDE-Version: ¦ÌVision V5.37.0.0
Copyright (C) 2022 ARM Ltd and ARM Germany GmbH. All rights reserved.
License Information: gs gs, sshs, LIC=PE7DL-0SNV5-SBUEJ-URQXM-QK6DZ-MPBWC
 
Tool Versions:
Toolchain:       MDK-ARM Plus  Version: 5.37.0.0
Toolchain Path:  C:\Keil_v5\ARM\ARMCC\Bin
C Compiler:      Armcc.exe V5.06 update 6 (build 750)
Assembler:       Armasm.exe V5.06 update 6 (build 750)
Linker/Locator:  ArmLink.exe V5.06 update 6 (build 750)
Library Manager: ArmAr.exe V5.06 update 6 (build 750)
Hex Converter:   FromElf.exe V5.06 update 6 (build 750)
CPU DLL:         SARMCM3.DLL V5.37.0.0
Dialog DLL:      DCM.DLL V1.17.5.0
Target DLL:      UL2CM3.DLL V1.164.7.0
Dialog DLL:      TCM.DLL V1.56.1.0
 
<h2>Project:</h2>
E:\haoxy\doc\fpga\yitices_pro\fpga\ex10\keil_uart\PROJECT\uart.uvprojx
Project File Date:  04/24/2023

<h2>Output:</h2>
*** Using Compiler 'V5.06 update 6 (build 750)', folder: 'C:\Keil_v5\ARM\ARMCC\Bin'
Rebuild target 'uart'
assembling startup_gw1ns4c.s...
compiling gw1ns4c_syscon.c...
compiling system_gw1ns4c.c...
compiling gw1ns4c_misc.c...
compiling gw1ns4c_uart.c...
compiling retarget.c...
compiling main.c...
..\USER\main.c(93): warning:  #177-D: variable "t"  was declared but never referenced
  double t,s;
..\USER\main.c(94): warning:  #177-D: variable "i"  was declared but never referenced
  int i; 
..\USER\main.c: 2 warnings, 0 errors
compiling gw1ns4c_timer.c...
compiling gw1ns4c_gpio.c...
compiling gw1ns4c_i2c.c...
compiling gw1ns4c_rtc.c...
compiling gw1ns4c_wdog.c...
compiling gw1ns4c_it.c...
compiling core_cm3.c...
linking...
Program Size: Code=4008 RO-data=512 RW-data=20 ZI-data=1028  
After Build - User command #1: c:\Keil_v5\ARM\ARMCC\bin\fromelf.exe --bin -o .\Objects\uart.bin .\Objects\uart.axf
".\Objects\uart.axf" - 0 Error(s), 2 Warning(s).

<h2>Software Packages used:</h2>

Package Vendor: ARM
                http://www.keil.com/pack/ARM.CMSIS.5.9.0.pack
                ARM.CMSIS.5.9.0
                CMSIS (Common Microcontroller Software Interface Standard)

<h2>Collection of Component include folders:</h2>
  C:/Users/dell/AppData/Local/Arm/Packs/ARM/CMSIS/5.9.0/Device/ARM/ARMCM3/Include

<h2>Collection of Component Files used:</h2>
Build Time Elapsed:  00:00:01
</pre>
</body>
</html>
