Component: ARM Compiler 5.06 update 6 (build 750) Tool: armlink [4d35ed]

==============================================================================

Section Cross References

    startup_gw1ns4c.o(RESET) refers to startup_gw1ns4c.o(STACK) for __initial_sp
    startup_gw1ns4c.o(RESET) refers to startup_gw1ns4c.o(.text) for Reset_Handler
    startup_gw1ns4c.o(RESET) refers to gw1ns4c_it.o(i.NMI_Handler) for NMI_Handler
    startup_gw1ns4c.o(RESET) refers to gw1ns4c_it.o(i.HardFault_Handler) for HardFault_Handler
    startup_gw1ns4c.o(RESET) refers to gw1ns4c_it.o(i.MemManage_Handler) for MemManage_Handler
    startup_gw1ns4c.o(RESET) refers to gw1ns4c_it.o(i.BusFault_Handler) for BusFault_Handler
    startup_gw1ns4c.o(RESET) refers to gw1ns4c_it.o(i.UsageFault_Handler) for UsageFault_Handler
    startup_gw1ns4c.o(RESET) refers to gw1ns4c_it.o(i.SVC_Handler) for SVC_Handler
    startup_gw1ns4c.o(RESET) refers to gw1ns4c_it.o(i.DebugMon_Handler) for DebugMon_Handler
    startup_gw1ns4c.o(RESET) refers to gw1ns4c_it.o(i.PendSV_Handler) for PendSV_Handler
    startup_gw1ns4c.o(RESET) refers to gw1ns4c_it.o(i.SysTick_Handler) for SysTick_Handler
    startup_gw1ns4c.o(RESET) refers to gw1ns4c_it.o(i.USER_INT0_Handler) for USER_INT0_Handler
    startup_gw1ns4c.o(RESET) refers to gw1ns4c_it.o(i.USER_INT1_Handler) for USER_INT1_Handler
    startup_gw1ns4c.o(RESET) refers to gw1ns4c_it.o(i.USER_INT2_Handler) for USER_INT2_Handler
    startup_gw1ns4c.o(RESET) refers to gw1ns4c_it.o(i.RTC_Handler) for RTC_Handler
    startup_gw1ns4c.o(RESET) refers to gw1ns4c_it.o(i.USER_INT3_Handler) for USER_INT3_Handler
    startup_gw1ns4c.o(RESET) refers to gw1ns4c_it.o(i.TIMER1_Handler) for TIMER1_Handler
    startup_gw1ns4c.o(RESET) refers to gw1ns4c_it.o(i.I2C_Handler) for I2C_Handler
    startup_gw1ns4c.o(RESET) refers to gw1ns4c_it.o(i.USER_INT4_Handler) for USER_INT4_Handler
    startup_gw1ns4c.o(RESET) refers to gw1ns4c_it.o(i.USER_INT5_Handler) for USER_INT5_Handler
    startup_gw1ns4c.o(RESET) refers to gw1ns4c_it.o(i.PORT0_0_Handler) for PORT0_0_Handler
    startup_gw1ns4c.o(RESET) refers to gw1ns4c_it.o(i.PORT0_1_Handler) for PORT0_1_Handler
    startup_gw1ns4c.o(RESET) refers to gw1ns4c_it.o(i.PORT0_2_Handler) for PORT0_2_Handler
    startup_gw1ns4c.o(RESET) refers to gw1ns4c_it.o(i.PORT0_3_Handler) for PORT0_3_Handler
    startup_gw1ns4c.o(RESET) refers to gw1ns4c_it.o(i.PORT0_4_Handler) for PORT0_4_Handler
    startup_gw1ns4c.o(RESET) refers to gw1ns4c_it.o(i.PORT0_5_Handler) for PORT0_5_Handler
    startup_gw1ns4c.o(RESET) refers to gw1ns4c_it.o(i.PORT0_6_Handler) for PORT0_6_Handler
    startup_gw1ns4c.o(RESET) refers to gw1ns4c_it.o(i.PORT0_7_Handler) for PORT0_7_Handler
    startup_gw1ns4c.o(RESET) refers to gw1ns4c_it.o(i.PORT0_8_Handler) for PORT0_8_Handler
    startup_gw1ns4c.o(RESET) refers to gw1ns4c_it.o(i.PORT0_9_Handler) for PORT0_9_Handler
    startup_gw1ns4c.o(RESET) refers to gw1ns4c_it.o(i.PORT0_10_Handler) for PORT0_10_Handler
    startup_gw1ns4c.o(RESET) refers to gw1ns4c_it.o(i.PORT0_11_Handler) for PORT0_11_Handler
    startup_gw1ns4c.o(RESET) refers to gw1ns4c_it.o(i.PORT0_12_Handler) for PORT0_12_Handler
    startup_gw1ns4c.o(RESET) refers to gw1ns4c_it.o(i.PORT0_13_Handler) for PORT0_13_Handler
    startup_gw1ns4c.o(RESET) refers to gw1ns4c_it.o(i.PORT0_14_Handler) for PORT0_14_Handler
    startup_gw1ns4c.o(RESET) refers to gw1ns4c_it.o(i.PORT0_15_Handler) for PORT0_15_Handler
    startup_gw1ns4c.o(.text) refers to system_gw1ns4c.o(i.SystemInit) for SystemInit
    startup_gw1ns4c.o(.text) refers to entry.o(.ARM.Collect$$$$00000000) for __main
    system_gw1ns4c.o(i.SystemCoreClockUpdate) refers to system_gw1ns4c.o(.data) for SystemCoreClock
    system_gw1ns4c.o(i.SystemInit) refers to system_gw1ns4c.o(.data) for SystemCoreClock
    gw1ns4c_i2c.o(i.Delay_ms_i2c) refers to system_gw1ns4c.o(.data) for SystemCoreClock
    gw1ns4c_i2c.o(i.I2C_Init) refers to gw1ns4c_i2c.o(i.I2C_Enable) for I2C_Enable
    gw1ns4c_i2c.o(i.I2C_Init) refers to gw1ns4c_i2c.o(i.I2C_Rate_Set) for I2C_Rate_Set
    gw1ns4c_i2c.o(i.I2C_Rate_Set) refers to system_gw1ns4c.o(.data) for SystemCoreClock
    gw1ns4c_i2c.o(i.I2C_ReadBytes) refers to gw1ns4c_i2c.o(i.I2C_ReceiveByte) for I2C_ReceiveByte
    gw1ns4c_i2c.o(i.I2C_ReceiveByte) refers to gw1ns4c_i2c.o(i.Delay_ms_i2c) for Delay_ms_i2c
    gw1ns4c_i2c.o(i.I2C_SendByte) refers to gw1ns4c_i2c.o(i.Delay_ms_i2c) for Delay_ms_i2c
    gw1ns4c_i2c.o(i.I2C_SendBytes) refers to gw1ns4c_i2c.o(i.I2C_SendByte) for I2C_SendByte
    gw1ns4c_i2c.o(i.I2C_SendData) refers to gw1ns4c_i2c.o(i.Delay_ms_i2c) for Delay_ms_i2c
    gw1ns4c_rtc.o(i.RTC_init) refers to gw1ns4c_rtc.o(i.Set_Match_Value) for Set_Match_Value
    gw1ns4c_rtc.o(i.RTC_init) refers to gw1ns4c_rtc.o(i.Set_Load_Value) for Set_Load_Value
    gw1ns4c_rtc.o(i.RTC_init) refers to gw1ns4c_rtc.o(i.RTC_Inter_Mask_Set) for RTC_Inter_Mask_Set
    gw1ns4c_rtc.o(i.RTC_init) refers to gw1ns4c_rtc.o(i.Start_RTC) for Start_RTC
    gw1ns4c_uart.o(i.UART_Init) refers to system_gw1ns4c.o(.data) for PCLK1
    gw1ns4c_uart.o(i.UART_SendString) refers to gw1ns4c_uart.o(i.UART_SendChar) for UART_SendChar
    main.o(i.GPIOInit) refers to gw1ns4c_gpio.o(i.GPIO_SetBit) for GPIO_SetBit
    main.o(i.GPIOInit) refers to gw1ns4c_gpio.o(i.GPIO_ResetBit) for GPIO_ResetBit
    main.o(i.delay_ms) refers to system_gw1ns4c.o(.data) for SystemCoreClock
    main.o(i.main) refers to system_gw1ns4c.o(i.SystemInit) for SystemInit
    main.o(i.main) refers to gw1ns4c_gpio.o(i.GPIO_SetBit) for GPIO_SetBit
    main.o(i.main) refers to main.o(i.delay_ms) for delay_ms
    main.o(i.main) refers to gw1ns4c_gpio.o(i.GPIO_ResetBit) for GPIO_ResetBit
    retarget.o(i.fgetc) refers to gw1ns4c_uart.o(i.UART_ReceiveChar) for UART_ReceiveChar
    retarget.o(i.fputc) refers to gw1ns4c_uart.o(i.UART_SendChar) for UART_SendChar
    entry.o(.ARM.Collect$$$$00000000) refers (Special) to entry10a.o(.ARM.Collect$$$$0000000D) for __rt_final_cpp
    entry.o(.ARM.Collect$$$$00000000) refers (Special) to entry11a.o(.ARM.Collect$$$$0000000F) for __rt_final_exit
    entry.o(.ARM.Collect$$$$00000000) refers (Special) to entry7b.o(.ARM.Collect$$$$00000008) for _main_clock
    entry.o(.ARM.Collect$$$$00000000) refers (Special) to entry8b.o(.ARM.Collect$$$$0000000A) for _main_cpp_init
    entry.o(.ARM.Collect$$$$00000000) refers (Special) to entry9a.o(.ARM.Collect$$$$0000000B) for _main_init
    entry.o(.ARM.Collect$$$$00000000) refers (Special) to entry5.o(.ARM.Collect$$$$00000004) for _main_scatterload
    entry.o(.ARM.Collect$$$$00000000) refers (Special) to entry2.o(.ARM.Collect$$$$00000001) for _main_stk
    entry2.o(.ARM.Collect$$$$00000001) refers to entry2.o(.ARM.Collect$$$$00002712) for __lit__00000000
    entry2.o(.ARM.Collect$$$$00002712) refers to startup_gw1ns4c.o(STACK) for __initial_sp
    entry2.o(__vectab_stack_and_reset_area) refers to startup_gw1ns4c.o(STACK) for __initial_sp
    entry2.o(__vectab_stack_and_reset_area) refers to entry.o(.ARM.Collect$$$$00000000) for __main
    entry5.o(.ARM.Collect$$$$00000004) refers to init.o(.text) for __scatterload
    entry9a.o(.ARM.Collect$$$$0000000B) refers to main.o(i.main) for main
    entry9b.o(.ARM.Collect$$$$0000000C) refers to main.o(i.main) for main
    init.o(.text) refers to entry5.o(.ARM.Collect$$$$00000004) for __main_after_scatterload


==============================================================================

Removing Unused input sections from the image.

    Removing startup_gw1ns4c.o(HEAP), (512 bytes).
    Removing core_cm3.o(.emb_text), (32 bytes).
    Removing system_gw1ns4c.o(i.SystemCoreClockUpdate), (52 bytes).
    Removing gw1ns4c_gpio.o(i.GPIO_ClrAltFunc), (4 bytes).
    Removing gw1ns4c_gpio.o(i.GPIO_ClrIntEnable), (12 bytes).
    Removing gw1ns4c_gpio.o(i.GPIO_ClrOutEnable), (4 bytes).
    Removing gw1ns4c_gpio.o(i.GPIO_GetAltFunc), (6 bytes).
    Removing gw1ns4c_gpio.o(i.GPIO_GetIntStatus), (6 bytes).
    Removing gw1ns4c_gpio.o(i.GPIO_GetOutEnable), (6 bytes).
    Removing gw1ns4c_gpio.o(i.GPIO_Init), (196 bytes).
    Removing gw1ns4c_gpio.o(i.GPIO_IntClear), (8 bytes).
    Removing gw1ns4c_gpio.o(i.GPIO_MaskedWrite), (28 bytes).
    Removing gw1ns4c_gpio.o(i.GPIO_ReadBits), (6 bytes).
    Removing gw1ns4c_gpio.o(i.GPIO_SetAltFunc), (8 bytes).
    Removing gw1ns4c_gpio.o(i.GPIO_SetIntEnable), (12 bytes).
    Removing gw1ns4c_gpio.o(i.GPIO_SetIntFallingEdge), (20 bytes).
    Removing gw1ns4c_gpio.o(i.GPIO_SetIntHighLevel), (20 bytes).
    Removing gw1ns4c_gpio.o(i.GPIO_SetIntLowLevel), (20 bytes).
    Removing gw1ns4c_gpio.o(i.GPIO_SetIntRisingEdge), (20 bytes).
    Removing gw1ns4c_gpio.o(i.GPIO_SetOutEnable), (8 bytes).
    Removing gw1ns4c_gpio.o(i.GPIO_WriteBits), (4 bytes).
    Removing gw1ns4c_i2c.o(i.Delay_ms_i2c), (36 bytes).
    Removing gw1ns4c_i2c.o(i.I2C_Enable), (10 bytes).
    Removing gw1ns4c_i2c.o(i.I2C_Init), (46 bytes).
    Removing gw1ns4c_i2c.o(i.I2C_InterruptClose), (10 bytes).
    Removing gw1ns4c_i2c.o(i.I2C_InterruptOpen), (10 bytes).
    Removing gw1ns4c_i2c.o(i.I2C_Rate_Set), (32 bytes).
    Removing gw1ns4c_i2c.o(i.I2C_ReadBytes), (44 bytes).
    Removing gw1ns4c_i2c.o(i.I2C_ReceiveByte), (140 bytes).
    Removing gw1ns4c_i2c.o(i.I2C_ReceiveData), (164 bytes).
    Removing gw1ns4c_i2c.o(i.I2C_SendByte), (124 bytes).
    Removing gw1ns4c_i2c.o(i.I2C_SendBytes), (44 bytes).
    Removing gw1ns4c_i2c.o(i.I2C_SendData), (158 bytes).
    Removing gw1ns4c_i2c.o(i.I2C_UnEnable), (8 bytes).
    Removing gw1ns4c_misc.o(i.NVIC_Init), (112 bytes).
    Removing gw1ns4c_misc.o(i.NVIC_PriorityGroupConfig), (20 bytes).
    Removing gw1ns4c_misc.o(i.NVIC_SetVectorTable), (20 bytes).
    Removing gw1ns4c_misc.o(i.SysTick_CLKSourceConfig), (18 bytes).
    Removing gw1ns4c_rtc.o(i.Clear_RTC_interrupt), (12 bytes).
    Removing gw1ns4c_rtc.o(i.Close_RTC), (12 bytes).
    Removing gw1ns4c_rtc.o(i.Get_Current_Value), (12 bytes).
    Removing gw1ns4c_rtc.o(i.Get_Load_Value), (12 bytes).
    Removing gw1ns4c_rtc.o(i.Get_Match_Value), (12 bytes).
    Removing gw1ns4c_rtc.o(i.Get_RTC_Control_value), (12 bytes).
    Removing gw1ns4c_rtc.o(i.Get_RTC_Inter_Mask_value), (12 bytes).
    Removing gw1ns4c_rtc.o(i.RTC_Inter_Mask_Clr), (12 bytes).
    Removing gw1ns4c_rtc.o(i.RTC_Inter_Mask_Set), (12 bytes).
    Removing gw1ns4c_rtc.o(i.RTC_init), (24 bytes).
    Removing gw1ns4c_rtc.o(i.Set_Load_Value), (12 bytes).
    Removing gw1ns4c_rtc.o(i.Set_Match_Value), (12 bytes).
    Removing gw1ns4c_rtc.o(i.Start_RTC), (12 bytes).
    Removing gw1ns4c_syscon.o(i.SYSCON_GetPmuctrlEnable), (12 bytes).
    Removing gw1ns4c_syscon.o(i.SYSCON_GetRemap), (12 bytes).
    Removing gw1ns4c_syscon.o(i.SYSCON_GetResetopLockuprst), (12 bytes).
    Removing gw1ns4c_syscon.o(i.SYSCON_GetRstinfoLockreset), (16 bytes).
    Removing gw1ns4c_syscon.o(i.SYSCON_GetRstinfoSysresetreq), (16 bytes).
    Removing gw1ns4c_syscon.o(i.SYSCON_GetRstinfoWdogresetreq), (16 bytes).
    Removing gw1ns4c_syscon.o(i.SYSCON_Init), (20 bytes).
    Removing gw1ns4c_timer.o(i.TIMER_ClearIRQ), (6 bytes).
    Removing gw1ns4c_timer.o(i.TIMER_DisableIRQ), (10 bytes).
    Removing gw1ns4c_timer.o(i.TIMER_EnableIRQ), (10 bytes).
    Removing gw1ns4c_timer.o(i.TIMER_GetIRQStatus), (8 bytes).
    Removing gw1ns4c_timer.o(i.TIMER_GetReload), (6 bytes).
    Removing gw1ns4c_timer.o(i.TIMER_GetValue), (6 bytes).
    Removing gw1ns4c_timer.o(i.TIMER_Init), (84 bytes).
    Removing gw1ns4c_timer.o(i.TIMER_SelExtClock), (16 bytes).
    Removing gw1ns4c_timer.o(i.TIMER_SelExtEnable), (16 bytes).
    Removing gw1ns4c_timer.o(i.TIMER_SetReload), (4 bytes).
    Removing gw1ns4c_timer.o(i.TIMER_SetValue), (4 bytes).
    Removing gw1ns4c_timer.o(i.TIMER_StartTimer), (10 bytes).
    Removing gw1ns4c_timer.o(i.TIMER_StopTimer), (10 bytes).
    Removing gw1ns4c_uart.o(i.UART_ClearRxBufferOverrunStatus), (6 bytes).
    Removing gw1ns4c_uart.o(i.UART_ClearRxIRQ), (6 bytes).
    Removing gw1ns4c_uart.o(i.UART_ClearRxOverrunIRQ), (6 bytes).
    Removing gw1ns4c_uart.o(i.UART_ClearTxBufferOverrunStatus), (6 bytes).
    Removing gw1ns4c_uart.o(i.UART_ClearTxIRQ), (6 bytes).
    Removing gw1ns4c_uart.o(i.UART_ClearTxOverrunIRQ), (6 bytes).
    Removing gw1ns4c_uart.o(i.UART_ClrHSTM), (10 bytes).
    Removing gw1ns4c_uart.o(i.UART_GetBaudDivider), (6 bytes).
    Removing gw1ns4c_uart.o(i.UART_GetRxBufferFull), (10 bytes).
    Removing gw1ns4c_uart.o(i.UART_GetRxBufferOverrunStatus), (10 bytes).
    Removing gw1ns4c_uart.o(i.UART_GetRxIRQStatus), (10 bytes).
    Removing gw1ns4c_uart.o(i.UART_GetRxOverrunIRQStatus), (10 bytes).
    Removing gw1ns4c_uart.o(i.UART_GetTxBufferFull), (10 bytes).
    Removing gw1ns4c_uart.o(i.UART_GetTxBufferOverrunStatus), (10 bytes).
    Removing gw1ns4c_uart.o(i.UART_GetTxIRQStatus), (10 bytes).
    Removing gw1ns4c_uart.o(i.UART_GetTxOverrunIRQStatus), (10 bytes).
    Removing gw1ns4c_uart.o(i.UART_Init), (128 bytes).
    Removing gw1ns4c_uart.o(i.UART_ReceiveChar), (20 bytes).
    Removing gw1ns4c_uart.o(i.UART_SendChar), (16 bytes).
    Removing gw1ns4c_uart.o(i.UART_SendString), (28 bytes).
    Removing gw1ns4c_uart.o(i.UART_SetHSTM), (10 bytes).
    Removing gw1ns4c_wdog.o(i.WDOG_ClrITModeEnable), (20 bytes).
    Removing gw1ns4c_wdog.o(i.WDOG_ClrITOP), (16 bytes).
    Removing gw1ns4c_wdog.o(i.WDOG_ClrIntEnable), (12 bytes).
    Removing gw1ns4c_wdog.o(i.WDOG_GetCounterValue), (12 bytes).
    Removing gw1ns4c_wdog.o(i.WDOG_GetITModeStatus), (20 bytes).
    Removing gw1ns4c_wdog.o(i.WDOG_GetITOPIntStatus), (20 bytes).
    Removing gw1ns4c_wdog.o(i.WDOG_GetITOPResStatus), (20 bytes).
    Removing gw1ns4c_wdog.o(i.WDOG_GetIntStatus), (20 bytes).
    Removing gw1ns4c_wdog.o(i.WDOG_GetMaskIntStatus), (20 bytes).
    Removing gw1ns4c_wdog.o(i.WDOG_GetRawIntStatus), (20 bytes).
    Removing gw1ns4c_wdog.o(i.WDOG_GetResStatus), (20 bytes).
    Removing gw1ns4c_wdog.o(i.WDOG_Init), (164 bytes).
    Removing gw1ns4c_wdog.o(i.WDOG_LockWriteAccess), (12 bytes).
    Removing gw1ns4c_wdog.o(i.WDOG_RestartCounter), (12 bytes).
    Removing gw1ns4c_wdog.o(i.WDOG_SetITModeEnable), (20 bytes).
    Removing gw1ns4c_wdog.o(i.WDOG_SetITOP), (12 bytes).
    Removing gw1ns4c_wdog.o(i.WDOG_SetIntEnable), (20 bytes).
    Removing gw1ns4c_wdog.o(i.WDOG_SetResetEnable), (20 bytes).
    Removing gw1ns4c_wdog.o(i.WDOG_UnlockWriteAccess), (16 bytes).
    Removing main.o(i.GPIOInit), (32 bytes).
    Removing retarget.o(i.fgetc), (30 bytes).
    Removing retarget.o(i.fputc), (36 bytes).

114 unused section(s) (total 3350 bytes) removed from the image.

==============================================================================

Image Symbol Table

    Local Symbols

    Symbol Name                              Value     Ov Type        Size  Object(Section)

    RESET                                    0x00000000   Section      192  startup_gw1ns4c.o(RESET)
    ../clib/microlib/init/entry.s            0x00000000   Number         0  entry8b.o ABSOLUTE
    ../clib/microlib/init/entry.s            0x00000000   Number         0  entry8a.o ABSOLUTE
    ../clib/microlib/init/entry.s            0x00000000   Number         0  entry7b.o ABSOLUTE
    ../clib/microlib/init/entry.s            0x00000000   Number         0  entry7a.o ABSOLUTE
    ../clib/microlib/init/entry.s            0x00000000   Number         0  entry5.o ABSOLUTE
    ../clib/microlib/init/entry.s            0x00000000   Number         0  entry2.o ABSOLUTE
    ../clib/microlib/init/entry.s            0x00000000   Number         0  entry10a.o ABSOLUTE
    ../clib/microlib/init/entry.s            0x00000000   Number         0  entry.o ABSOLUTE
    ../clib/microlib/init/entry.s            0x00000000   Number         0  entry11b.o ABSOLUTE
    ../clib/microlib/init/entry.s            0x00000000   Number         0  entry11a.o ABSOLUTE
    ../clib/microlib/init/entry.s            0x00000000   Number         0  entry10b.o ABSOLUTE
    ../clib/microlib/init/entry.s            0x00000000   Number         0  entry9b.o ABSOLUTE
    ../clib/microlib/init/entry.s            0x00000000   Number         0  entry9a.o ABSOLUTE
    ..\CORE\core_cm3.c                       0x00000000   Number         0  core_cm3.o ABSOLUTE
    ..\PERIPHREAL\Sources\gw1ns4c_gpio.c     0x00000000   Number         0  gw1ns4c_gpio.o ABSOLUTE
    ..\PERIPHREAL\Sources\gw1ns4c_i2c.c      0x00000000   Number         0  gw1ns4c_i2c.o ABSOLUTE
    ..\PERIPHREAL\Sources\gw1ns4c_misc.c     0x00000000   Number         0  gw1ns4c_misc.o ABSOLUTE
    ..\PERIPHREAL\Sources\gw1ns4c_rtc.c      0x00000000   Number         0  gw1ns4c_rtc.o ABSOLUTE
    ..\PERIPHREAL\Sources\gw1ns4c_syscon.c   0x00000000   Number         0  gw1ns4c_syscon.o ABSOLUTE
    ..\PERIPHREAL\Sources\gw1ns4c_timer.c    0x00000000   Number         0  gw1ns4c_timer.o ABSOLUTE
    ..\PERIPHREAL\Sources\gw1ns4c_uart.c     0x00000000   Number         0  gw1ns4c_uart.o ABSOLUTE
    ..\PERIPHREAL\Sources\gw1ns4c_wdog.c     0x00000000   Number         0  gw1ns4c_wdog.o ABSOLUTE
    ..\STARTUP\startup_gw1ns4c.s             0x00000000   Number         0  startup_gw1ns4c.o ABSOLUTE
    ..\SYSTEM\system_gw1ns4c.c               0x00000000   Number         0  system_gw1ns4c.o ABSOLUTE
    ..\USER\gw1ns4c_it.c                     0x00000000   Number         0  gw1ns4c_it.o ABSOLUTE
    ..\USER\main.c                           0x00000000   Number         0  main.o ABSOLUTE
    ..\USER\retarget.c                       0x00000000   Number         0  retarget.o ABSOLUTE
    ..\\CORE\\core_cm3.c                     0x00000000   Number         0  core_cm3.o ABSOLUTE
    dc.s                                     0x00000000   Number         0  dc.o ABSOLUTE
    handlers.s                               0x00000000   Number         0  handlers.o ABSOLUTE
    init.s                                   0x00000000   Number         0  init.o ABSOLUTE
    .ARM.Collect$$$$00000000                 0x000000c0   Section        0  entry.o(.ARM.Collect$$$$00000000)
    .ARM.Collect$$$$00000001                 0x000000c0   Section        4  entry2.o(.ARM.Collect$$$$00000001)
    .ARM.Collect$$$$00000004                 0x000000c4   Section        4  entry5.o(.ARM.Collect$$$$00000004)
    .ARM.Collect$$$$00000008                 0x000000c8   Section        0  entry7b.o(.ARM.Collect$$$$00000008)
    .ARM.Collect$$$$0000000A                 0x000000c8   Section        0  entry8b.o(.ARM.Collect$$$$0000000A)
    .ARM.Collect$$$$0000000B                 0x000000c8   Section        8  entry9a.o(.ARM.Collect$$$$0000000B)
    .ARM.Collect$$$$0000000D                 0x000000d0   Section        0  entry10a.o(.ARM.Collect$$$$0000000D)
    .ARM.Collect$$$$0000000F                 0x000000d0   Section        0  entry11a.o(.ARM.Collect$$$$0000000F)
    .ARM.Collect$$$$00002712                 0x000000d0   Section        4  entry2.o(.ARM.Collect$$$$00002712)
    __lit__00000000                          0x000000d0   Data           4  entry2.o(.ARM.Collect$$$$00002712)
    .text                                    0x000000d4   Section       36  startup_gw1ns4c.o(.text)
    .text                                    0x000000f8   Section       36  init.o(.text)
    i.BusFault_Handler                       0x0000011c   Section        0  gw1ns4c_it.o(i.BusFault_Handler)
    i.DebugMon_Handler                       0x00000120   Section        0  gw1ns4c_it.o(i.DebugMon_Handler)
    i.GPIO_ResetBit                          0x00000122   Section        0  gw1ns4c_gpio.o(i.GPIO_ResetBit)
    i.GPIO_SetBit                            0x0000012a   Section        0  gw1ns4c_gpio.o(i.GPIO_SetBit)
    i.HardFault_Handler                      0x00000132   Section        0  gw1ns4c_it.o(i.HardFault_Handler)
    i.I2C_Handler                            0x00000136   Section        0  gw1ns4c_it.o(i.I2C_Handler)
    i.MemManage_Handler                      0x00000138   Section        0  gw1ns4c_it.o(i.MemManage_Handler)
    i.NMI_Handler                            0x0000013c   Section        0  gw1ns4c_it.o(i.NMI_Handler)
    i.PORT0_0_Handler                        0x0000013e   Section        0  gw1ns4c_it.o(i.PORT0_0_Handler)
    i.PORT0_10_Handler                       0x00000140   Section        0  gw1ns4c_it.o(i.PORT0_10_Handler)
    i.PORT0_11_Handler                       0x00000142   Section        0  gw1ns4c_it.o(i.PORT0_11_Handler)
    i.PORT0_12_Handler                       0x00000144   Section        0  gw1ns4c_it.o(i.PORT0_12_Handler)
    i.PORT0_13_Handler                       0x00000146   Section        0  gw1ns4c_it.o(i.PORT0_13_Handler)
    i.PORT0_14_Handler                       0x00000148   Section        0  gw1ns4c_it.o(i.PORT0_14_Handler)
    i.PORT0_15_Handler                       0x0000014a   Section        0  gw1ns4c_it.o(i.PORT0_15_Handler)
    i.PORT0_1_Handler                        0x0000014c   Section        0  gw1ns4c_it.o(i.PORT0_1_Handler)
    i.PORT0_2_Handler                        0x0000014e   Section        0  gw1ns4c_it.o(i.PORT0_2_Handler)
    i.PORT0_3_Handler                        0x00000150   Section        0  gw1ns4c_it.o(i.PORT0_3_Handler)
    i.PORT0_4_Handler                        0x00000152   Section        0  gw1ns4c_it.o(i.PORT0_4_Handler)
    i.PORT0_5_Handler                        0x00000154   Section        0  gw1ns4c_it.o(i.PORT0_5_Handler)
    i.PORT0_6_Handler                        0x00000156   Section        0  gw1ns4c_it.o(i.PORT0_6_Handler)
    i.PORT0_7_Handler                        0x00000158   Section        0  gw1ns4c_it.o(i.PORT0_7_Handler)
    i.PORT0_8_Handler                        0x0000015a   Section        0  gw1ns4c_it.o(i.PORT0_8_Handler)
    i.PORT0_9_Handler                        0x0000015c   Section        0  gw1ns4c_it.o(i.PORT0_9_Handler)
    i.PendSV_Handler                         0x0000015e   Section        0  gw1ns4c_it.o(i.PendSV_Handler)
    i.RTC_Handler                            0x00000160   Section        0  gw1ns4c_it.o(i.RTC_Handler)
    i.SVC_Handler                            0x00000162   Section        0  gw1ns4c_it.o(i.SVC_Handler)
    i.SysTick_Handler                        0x00000164   Section        0  gw1ns4c_it.o(i.SysTick_Handler)
    i.SystemInit                             0x00000168   Section        0  system_gw1ns4c.o(i.SystemInit)
    i.TIMER1_Handler                         0x0000019c   Section        0  gw1ns4c_it.o(i.TIMER1_Handler)
    i.USER_INT0_Handler                      0x0000019e   Section        0  gw1ns4c_it.o(i.USER_INT0_Handler)
    i.USER_INT1_Handler                      0x000001a0   Section        0  gw1ns4c_it.o(i.USER_INT1_Handler)
    i.USER_INT2_Handler                      0x000001a2   Section        0  gw1ns4c_it.o(i.USER_INT2_Handler)
    i.USER_INT3_Handler                      0x000001a4   Section        0  gw1ns4c_it.o(i.USER_INT3_Handler)
    i.USER_INT4_Handler                      0x000001a6   Section        0  gw1ns4c_it.o(i.USER_INT4_Handler)
    i.USER_INT5_Handler                      0x000001a8   Section        0  gw1ns4c_it.o(i.USER_INT5_Handler)
    i.UsageFault_Handler                     0x000001aa   Section        0  gw1ns4c_it.o(i.UsageFault_Handler)
    i.__scatterload_copy                     0x000001ae   Section       14  handlers.o(i.__scatterload_copy)
    i.__scatterload_null                     0x000001bc   Section        2  handlers.o(i.__scatterload_null)
    i.__scatterload_zeroinit                 0x000001be   Section       14  handlers.o(i.__scatterload_zeroinit)
    i.delay_ms                               0x000001cc   Section        0  main.o(i.delay_ms)
    i.main                                   0x000001f0   Section        0  main.o(i.main)
    .data                                    0x20000000   Section       16  system_gw1ns4c.o(.data)
    STACK                                    0x20000010   Section     1024  startup_gw1ns4c.o(STACK)

    Global Symbols

    Symbol Name                              Value     Ov Type        Size  Object(Section)

    BuildAttributes$$THM_ISAv4$P$D$K$B$S$PE$A:L22UL41UL21$X:L11$S22US41US21$IEEE1$IW$USESV6$~STKCKD$USESV7$~SHL$OSPACE$EBA8$MICROLIB$REQ8$PRES8$EABIv2 0x00000000   Number         0  anon$$obj.o ABSOLUTE
    __ARM_use_no_argv                        0x00000000   Number         0  main.o ABSOLUTE
    __Vectors                                0x00000000   Data           4  startup_gw1ns4c.o(RESET)
    __cpp_initialize__aeabi_                  - Undefined Weak Reference
    __cxa_finalize                            - Undefined Weak Reference
    __decompress                              - Undefined Weak Reference
    _clock_init                               - Undefined Weak Reference
    _microlib_exit                            - Undefined Weak Reference
    __Vectors_End                            0x000000c0   Data           0  startup_gw1ns4c.o(RESET)
    __Vectors_Size                           0x000000c0   Number         0  startup_gw1ns4c.o ABSOLUTE
    __main                                   0x000000c1   Thumb Code     0  entry.o(.ARM.Collect$$$$00000000)
    _main_stk                                0x000000c1   Thumb Code     0  entry2.o(.ARM.Collect$$$$00000001)
    _main_scatterload                        0x000000c5   Thumb Code     0  entry5.o(.ARM.Collect$$$$00000004)
    __main_after_scatterload                 0x000000c9   Thumb Code     0  entry5.o(.ARM.Collect$$$$00000004)
    _main_clock                              0x000000c9   Thumb Code     0  entry7b.o(.ARM.Collect$$$$00000008)
    _main_cpp_init                           0x000000c9   Thumb Code     0  entry8b.o(.ARM.Collect$$$$0000000A)
    _main_init                               0x000000c9   Thumb Code     0  entry9a.o(.ARM.Collect$$$$0000000B)
    __rt_final_cpp                           0x000000d1   Thumb Code     0  entry10a.o(.ARM.Collect$$$$0000000D)
    __rt_final_exit                          0x000000d1   Thumb Code     0  entry11a.o(.ARM.Collect$$$$0000000F)
    Reset_Handler                            0x000000d5   Thumb Code     8  startup_gw1ns4c.o(.text)
    PORT0_COMB_Handler                       0x000000ef   Thumb Code     0  startup_gw1ns4c.o(.text)
    Spare15_Handler                          0x000000ef   Thumb Code     0  startup_gw1ns4c.o(.text)
    TIMER0_Handler                           0x000000ef   Thumb Code     0  startup_gw1ns4c.o(.text)
    UART0_Handler                            0x000000ef   Thumb Code     0  startup_gw1ns4c.o(.text)
    UART1_Handler                            0x000000ef   Thumb Code     0  startup_gw1ns4c.o(.text)
    UARTOVF_Handler                          0x000000ef   Thumb Code     0  startup_gw1ns4c.o(.text)
    __scatterload                            0x000000f9   Thumb Code    28  init.o(.text)
    __scatterload_rt2                        0x000000f9   Thumb Code     0  init.o(.text)
    BusFault_Handler                         0x0000011d   Thumb Code     4  gw1ns4c_it.o(i.BusFault_Handler)
    DebugMon_Handler                         0x00000121   Thumb Code     2  gw1ns4c_it.o(i.DebugMon_Handler)
    GPIO_ResetBit                            0x00000123   Thumb Code     8  gw1ns4c_gpio.o(i.GPIO_ResetBit)
    GPIO_SetBit                              0x0000012b   Thumb Code     8  gw1ns4c_gpio.o(i.GPIO_SetBit)
    HardFault_Handler                        0x00000133   Thumb Code     4  gw1ns4c_it.o(i.HardFault_Handler)
    I2C_Handler                              0x00000137   Thumb Code     2  gw1ns4c_it.o(i.I2C_Handler)
    MemManage_Handler                        0x00000139   Thumb Code     4  gw1ns4c_it.o(i.MemManage_Handler)
    NMI_Handler                              0x0000013d   Thumb Code     2  gw1ns4c_it.o(i.NMI_Handler)
    PORT0_0_Handler                          0x0000013f   Thumb Code     2  gw1ns4c_it.o(i.PORT0_0_Handler)
    PORT0_10_Handler                         0x00000141   Thumb Code     2  gw1ns4c_it.o(i.PORT0_10_Handler)
    PORT0_11_Handler                         0x00000143   Thumb Code     2  gw1ns4c_it.o(i.PORT0_11_Handler)
    PORT0_12_Handler                         0x00000145   Thumb Code     2  gw1ns4c_it.o(i.PORT0_12_Handler)
    PORT0_13_Handler                         0x00000147   Thumb Code     2  gw1ns4c_it.o(i.PORT0_13_Handler)
    PORT0_14_Handler                         0x00000149   Thumb Code     2  gw1ns4c_it.o(i.PORT0_14_Handler)
    PORT0_15_Handler                         0x0000014b   Thumb Code     2  gw1ns4c_it.o(i.PORT0_15_Handler)
    PORT0_1_Handler                          0x0000014d   Thumb Code     2  gw1ns4c_it.o(i.PORT0_1_Handler)
    PORT0_2_Handler                          0x0000014f   Thumb Code     2  gw1ns4c_it.o(i.PORT0_2_Handler)
    PORT0_3_Handler                          0x00000151   Thumb Code     2  gw1ns4c_it.o(i.PORT0_3_Handler)
    PORT0_4_Handler                          0x00000153   Thumb Code     2  gw1ns4c_it.o(i.PORT0_4_Handler)
    PORT0_5_Handler                          0x00000155   Thumb Code     2  gw1ns4c_it.o(i.PORT0_5_Handler)
    PORT0_6_Handler                          0x00000157   Thumb Code     2  gw1ns4c_it.o(i.PORT0_6_Handler)
    PORT0_7_Handler                          0x00000159   Thumb Code     2  gw1ns4c_it.o(i.PORT0_7_Handler)
    PORT0_8_Handler                          0x0000015b   Thumb Code     2  gw1ns4c_it.o(i.PORT0_8_Handler)
    PORT0_9_Handler                          0x0000015d   Thumb Code     2  gw1ns4c_it.o(i.PORT0_9_Handler)
    PendSV_Handler                           0x0000015f   Thumb Code     2  gw1ns4c_it.o(i.PendSV_Handler)
    RTC_Handler                              0x00000161   Thumb Code     2  gw1ns4c_it.o(i.RTC_Handler)
    SVC_Handler                              0x00000163   Thumb Code     2  gw1ns4c_it.o(i.SVC_Handler)
    SysTick_Handler                          0x00000165   Thumb Code     2  gw1ns4c_it.o(i.SysTick_Handler)
    SystemInit                               0x00000169   Thumb Code    32  system_gw1ns4c.o(i.SystemInit)
    TIMER1_Handler                           0x0000019d   Thumb Code     2  gw1ns4c_it.o(i.TIMER1_Handler)
    USER_INT0_Handler                        0x0000019f   Thumb Code     2  gw1ns4c_it.o(i.USER_INT0_Handler)
    USER_INT1_Handler                        0x000001a1   Thumb Code     2  gw1ns4c_it.o(i.USER_INT1_Handler)
    USER_INT2_Handler                        0x000001a3   Thumb Code     2  gw1ns4c_it.o(i.USER_INT2_Handler)
    USER_INT3_Handler                        0x000001a5   Thumb Code     2  gw1ns4c_it.o(i.USER_INT3_Handler)
    USER_INT4_Handler                        0x000001a7   Thumb Code     2  gw1ns4c_it.o(i.USER_INT4_Handler)
    USER_INT5_Handler                        0x000001a9   Thumb Code     2  gw1ns4c_it.o(i.USER_INT5_Handler)
    UsageFault_Handler                       0x000001ab   Thumb Code     4  gw1ns4c_it.o(i.UsageFault_Handler)
    __scatterload_copy                       0x000001af   Thumb Code    14  handlers.o(i.__scatterload_copy)
    __scatterload_null                       0x000001bd   Thumb Code     2  handlers.o(i.__scatterload_null)
    __scatterload_zeroinit                   0x000001bf   Thumb Code    14  handlers.o(i.__scatterload_zeroinit)
    delay_ms                                 0x000001cd   Thumb Code    30  main.o(i.delay_ms)
    main                                     0x000001f1   Thumb Code    36  main.o(i.main)
    Region$$Table$$Base                      0x00000218   Number         0  anon$$obj.o(Region$$Table)
    Region$$Table$$Limit                     0x00000238   Number         0  anon$$obj.o(Region$$Table)
    SystemCoreClock                          0x20000000   Data           4  system_gw1ns4c.o(.data)
    PCLK1                                    0x20000004   Data           4  system_gw1ns4c.o(.data)
    PCLK2                                    0x20000008   Data           4  system_gw1ns4c.o(.data)
    HCLK                                     0x2000000c   Data           4  system_gw1ns4c.o(.data)
    __initial_sp                             0x20000410   Data           0  startup_gw1ns4c.o(STACK)



==============================================================================

Memory Map of the image

  Image Entry point : 0x000000c1

  Load Region LR_IROM1 (Base: 0x00000000, Size: 0x00000248, Max: 0x00008000, ABSOLUTE)

    Execution Region ER_IROM1 (Exec base: 0x00000000, Load base: 0x00000000, Size: 0x00000238, Max: 0x00008000, ABSOLUTE)

    Exec Addr    Load Addr    Size         Type   Attr      Idx    E Section Name        Object

    0x00000000   0x00000000   0x000000c0   Data   RO            3    RESET               startup_gw1ns4c.o
    0x000000c0   0x000000c0   0x00000000   Code   RO          158  * .ARM.Collect$$$$00000000  mc_w.l(entry.o)
    0x000000c0   0x000000c0   0x00000004   Code   RO          161    .ARM.Collect$$$$00000001  mc_w.l(entry2.o)
    0x000000c4   0x000000c4   0x00000004   Code   RO          164    .ARM.Collect$$$$00000004  mc_w.l(entry5.o)
    0x000000c8   0x000000c8   0x00000000   Code   RO          166    .ARM.Collect$$$$00000008  mc_w.l(entry7b.o)
    0x000000c8   0x000000c8   0x00000000   Code   RO          168    .ARM.Collect$$$$0000000A  mc_w.l(entry8b.o)
    0x000000c8   0x000000c8   0x00000008   Code   RO          169    .ARM.Collect$$$$0000000B  mc_w.l(entry9a.o)
    0x000000d0   0x000000d0   0x00000000   Code   RO          171    .ARM.Collect$$$$0000000D  mc_w.l(entry10a.o)
    0x000000d0   0x000000d0   0x00000000   Code   RO          173    .ARM.Collect$$$$0000000F  mc_w.l(entry11a.o)
    0x000000d0   0x000000d0   0x00000004   Code   RO          162    .ARM.Collect$$$$00002712  mc_w.l(entry2.o)
    0x000000d4   0x000000d4   0x00000024   Code   RO            4    .text               startup_gw1ns4c.o
    0x000000f8   0x000000f8   0x00000024   Code   RO          175    .text               mc_w.l(init.o)
    0x0000011c   0x0000011c   0x00000004   Code   RO          122    i.BusFault_Handler  gw1ns4c_it.o
    0x00000120   0x00000120   0x00000002   Code   RO          123    i.DebugMon_Handler  gw1ns4c_it.o
    0x00000122   0x00000122   0x00000008   Code   RO           19    i.GPIO_ResetBit     gw1ns4c_gpio.o
    0x0000012a   0x0000012a   0x00000008   Code   RO           21    i.GPIO_SetBit       gw1ns4c_gpio.o
    0x00000132   0x00000132   0x00000004   Code   RO          124    i.HardFault_Handler  gw1ns4c_it.o
    0x00000136   0x00000136   0x00000002   Code   RO          125    i.I2C_Handler       gw1ns4c_it.o
    0x00000138   0x00000138   0x00000004   Code   RO          126    i.MemManage_Handler  gw1ns4c_it.o
    0x0000013c   0x0000013c   0x00000002   Code   RO          127    i.NMI_Handler       gw1ns4c_it.o
    0x0000013e   0x0000013e   0x00000002   Code   RO          128    i.PORT0_0_Handler   gw1ns4c_it.o
    0x00000140   0x00000140   0x00000002   Code   RO          129    i.PORT0_10_Handler  gw1ns4c_it.o
    0x00000142   0x00000142   0x00000002   Code   RO          130    i.PORT0_11_Handler  gw1ns4c_it.o
    0x00000144   0x00000144   0x00000002   Code   RO          131    i.PORT0_12_Handler  gw1ns4c_it.o
    0x00000146   0x00000146   0x00000002   Code   RO          132    i.PORT0_13_Handler  gw1ns4c_it.o
    0x00000148   0x00000148   0x00000002   Code   RO          133    i.PORT0_14_Handler  gw1ns4c_it.o
    0x0000014a   0x0000014a   0x00000002   Code   RO          134    i.PORT0_15_Handler  gw1ns4c_it.o
    0x0000014c   0x0000014c   0x00000002   Code   RO          135    i.PORT0_1_Handler   gw1ns4c_it.o
    0x0000014e   0x0000014e   0x00000002   Code   RO          136    i.PORT0_2_Handler   gw1ns4c_it.o
    0x00000150   0x00000150   0x00000002   Code   RO          137    i.PORT0_3_Handler   gw1ns4c_it.o
    0x00000152   0x00000152   0x00000002   Code   RO          138    i.PORT0_4_Handler   gw1ns4c_it.o
    0x00000154   0x00000154   0x00000002   Code   RO          139    i.PORT0_5_Handler   gw1ns4c_it.o
    0x00000156   0x00000156   0x00000002   Code   RO          140    i.PORT0_6_Handler   gw1ns4c_it.o
    0x00000158   0x00000158   0x00000002   Code   RO          141    i.PORT0_7_Handler   gw1ns4c_it.o
    0x0000015a   0x0000015a   0x00000002   Code   RO          142    i.PORT0_8_Handler   gw1ns4c_it.o
    0x0000015c   0x0000015c   0x00000002   Code   RO          143    i.PORT0_9_Handler   gw1ns4c_it.o
    0x0000015e   0x0000015e   0x00000002   Code   RO          144    i.PendSV_Handler    gw1ns4c_it.o
    0x00000160   0x00000160   0x00000002   Code   RO          145    i.RTC_Handler       gw1ns4c_it.o
    0x00000162   0x00000162   0x00000002   Code   RO          146    i.SVC_Handler       gw1ns4c_it.o
    0x00000164   0x00000164   0x00000002   Code   RO          147    i.SysTick_Handler   gw1ns4c_it.o
    0x00000166   0x00000166   0x00000002   PAD
    0x00000168   0x00000168   0x00000034   Code   RO            7    i.SystemInit        system_gw1ns4c.o
    0x0000019c   0x0000019c   0x00000002   Code   RO          148    i.TIMER1_Handler    gw1ns4c_it.o
    0x0000019e   0x0000019e   0x00000002   Code   RO          149    i.USER_INT0_Handler  gw1ns4c_it.o
    0x000001a0   0x000001a0   0x00000002   Code   RO          150    i.USER_INT1_Handler  gw1ns4c_it.o
    0x000001a2   0x000001a2   0x00000002   Code   RO          151    i.USER_INT2_Handler  gw1ns4c_it.o
    0x000001a4   0x000001a4   0x00000002   Code   RO          152    i.USER_INT3_Handler  gw1ns4c_it.o
    0x000001a6   0x000001a6   0x00000002   Code   RO          153    i.USER_INT4_Handler  gw1ns4c_it.o
    0x000001a8   0x000001a8   0x00000002   Code   RO          154    i.USER_INT5_Handler  gw1ns4c_it.o
    0x000001aa   0x000001aa   0x00000004   Code   RO          155    i.UsageFault_Handler  gw1ns4c_it.o
    0x000001ae   0x000001ae   0x0000000e   Code   RO          178    i.__scatterload_copy  mc_w.l(handlers.o)
    0x000001bc   0x000001bc   0x00000002   Code   RO          179    i.__scatterload_null  mc_w.l(handlers.o)
    0x000001be   0x000001be   0x0000000e   Code   RO          180    i.__scatterload_zeroinit  mc_w.l(handlers.o)
    0x000001cc   0x000001cc   0x00000024   Code   RO          120    i.delay_ms          main.o
    0x000001f0   0x000001f0   0x00000028   Code   RO          121    i.main              main.o
    0x00000218   0x00000218   0x00000020   Data   RO          176    Region$$Table       anon$$obj.o


    Execution Region RW_IRAM1 (Exec base: 0x20000000, Load base: 0x00000238, Size: 0x00000410, Max: 0x00004000, ABSOLUTE)

    Exec Addr    Load Addr    Size         Type   Attr      Idx    E Section Name        Object

    0x20000000   0x00000238   0x00000010   Data   RW            8    .data               system_gw1ns4c.o
    0x20000010        -       0x00000400   Zero   RW            1    STACK               startup_gw1ns4c.o


==============================================================================

Image component sizes


      Code (inc. data)   RO Data    RW Data    ZI Data      Debug   Object Name

        16          0          0          0          0          0   gw1ns4c_gpio.o
        76          0          0          0          0          0   gw1ns4c_it.o
        76         10          0          0          0          0   main.o
        36          8        192          0       1024          0   startup_gw1ns4c.o
        52         20          0         16          0          0   system_gw1ns4c.o

    ----------------------------------------------------------------------
       258         38        224         16       1024          0   Object Totals
         0          0         32          0          0          0   (incl. Generated)
         2          0          0          0          0          0   (incl. Padding)

    ----------------------------------------------------------------------

      Code (inc. data)   RO Data    RW Data    ZI Data      Debug   Library Member Name

         0          0          0          0          0          0   entry.o
         0          0          0          0          0          0   entry10a.o
         0          0          0          0          0          0   entry11a.o
         8          4          0          0          0          0   entry2.o
         4          0          0          0          0          0   entry5.o
         0          0          0          0          0          0   entry7b.o
         0          0          0          0          0          0   entry8b.o
         8          4          0          0          0          0   entry9a.o
        30          0          0          0          0          0   handlers.o
        36          8          0          0          0          0   init.o

    ----------------------------------------------------------------------
        86         16          0          0          0          0   Library Totals
         0          0          0          0          0          0   (incl. Padding)

    ----------------------------------------------------------------------

      Code (inc. data)   RO Data    RW Data    ZI Data      Debug   Library Name

        86         16          0          0          0          0   mc_w.l

    ----------------------------------------------------------------------
        86         16          0          0          0          0   Library Totals

    ----------------------------------------------------------------------

==============================================================================


      Code (inc. data)   RO Data    RW Data    ZI Data      Debug   

       344         54        224         16       1024          0   Grand Totals
       344         54        224         16       1024          0   ELF Image Totals
       344         54        224         16          0          0   ROM Totals

==============================================================================

    Total RO  Size (Code + RO Data)                  568 (   0.55kB)
    Total RW  Size (RW Data + ZI Data)              1040 (   1.02kB)
    Total ROM Size (Code + RO Data + RW Data)        584 (   0.57kB)

==============================================================================

